Archive member included to satisfy reference by file (symbol)

C:\Users\1\Desktop\car\Master-car\Middlewares\ST\ARM\DSP\Lib\libarm_cortexM4lf_math.a(arm_sin_f32.o)
                              CMakeFiles/MASTER_RR.elf.dir/Core/Src/Omni_Classis_task.c.obj (arm_sin_f32)
C:\Users\1\Desktop\car\Master-car\Middlewares\ST\ARM\DSP\Lib\libarm_cortexM4lf_math.a(arm_cos_f32.o)
                              CMakeFiles/MASTER_RR.elf.dir/Core/Src/Omni_Classis_task.c.obj (arm_cos_f32)
C:\Users\1\Desktop\car\Master-car\Middlewares\ST\ARM\DSP\Lib\libarm_cortexM4lf_math.a(arm_common_tables.o)
                              C:\Users\1\Desktop\car\Master-car\Middlewares\ST\ARM\DSP\Lib\libarm_cortexM4lf_math.a(arm_sin_f32.o) (sinTable_f32)
d:/gcc-arm-none-eabi-10.3-2021.10/bin/../lib/gcc/arm-none-eabi/10.3.1/thumb/v7e-m+fp/hard\libgcc.a(_arm_addsubdf3.o)
                              CMakeFiles/MASTER_RR.elf.dir/Core/Src/Omni_Classis_task.c.obj (__aeabi_f2d)
d:/gcc-arm-none-eabi-10.3-2021.10/bin/../lib/gcc/arm-none-eabi/10.3.1/thumb/v7e-m+fp/hard\libgcc.a(_aeabi_uldivmod.o)
                              CMakeFiles/MASTER_RR.elf.dir/Drivers/STM32F4xx_HAL_Driver/Src/stm32f4xx_hal_rcc.c.obj (__aeabi_uldivmod)
d:/gcc-arm-none-eabi-10.3-2021.10/bin/../lib/gcc/arm-none-eabi/10.3.1/thumb/v7e-m+fp/hard\libgcc.a(_udivmoddi4.o)
                              d:/gcc-arm-none-eabi-10.3-2021.10/bin/../lib/gcc/arm-none-eabi/10.3.1/thumb/v7e-m+fp/hard\libgcc.a(_aeabi_uldivmod.o) (__udivmoddi4)
d:/gcc-arm-none-eabi-10.3-2021.10/bin/../lib/gcc/arm-none-eabi/10.3.1/thumb/v7e-m+fp/hard\libgcc.a(_dvmd_tls.o)
                              d:/gcc-arm-none-eabi-10.3-2021.10/bin/../lib/gcc/arm-none-eabi/10.3.1/thumb/v7e-m+fp/hard\libgcc.a(_aeabi_uldivmod.o) (__aeabi_ldiv0)
d:/gcc-arm-none-eabi-10.3-2021.10/bin/../lib/gcc/arm-none-eabi/10.3.1/../../../../arm-none-eabi/lib/thumb/v7e-m+fp/hard\libg.a(lib_a-errno.o)
                              CMakeFiles/MASTER_RR.elf.dir/Core/Src/syscalls.c.obj (__errno)
d:/gcc-arm-none-eabi-10.3-2021.10/bin/../lib/gcc/arm-none-eabi/10.3.1/../../../../arm-none-eabi/lib/thumb/v7e-m+fp/hard\libg.a(lib_a-exit.o)
                              d:/gcc-arm-none-eabi-10.3-2021.10/bin/../lib/gcc/arm-none-eabi/10.3.1/../../../../arm-none-eabi/lib/thumb/v7e-m+fp/hard/crt0.o (exit)
d:/gcc-arm-none-eabi-10.3-2021.10/bin/../lib/gcc/arm-none-eabi/10.3.1/../../../../arm-none-eabi/lib/thumb/v7e-m+fp/hard\libg.a(lib_a-impure.o)
                              d:/gcc-arm-none-eabi-10.3-2021.10/bin/../lib/gcc/arm-none-eabi/10.3.1/../../../../arm-none-eabi/lib/thumb/v7e-m+fp/hard\libg.a(lib_a-exit.o) (_global_impure_ptr)
d:/gcc-arm-none-eabi-10.3-2021.10/bin/../lib/gcc/arm-none-eabi/10.3.1/../../../../arm-none-eabi/lib/thumb/v7e-m+fp/hard\libg.a(lib_a-init.o)
                              d:/gcc-arm-none-eabi-10.3-2021.10/bin/../lib/gcc/arm-none-eabi/10.3.1/../../../../arm-none-eabi/lib/thumb/v7e-m+fp/hard/crt0.o (__libc_init_array)
d:/gcc-arm-none-eabi-10.3-2021.10/bin/../lib/gcc/arm-none-eabi/10.3.1/../../../../arm-none-eabi/lib/thumb/v7e-m+fp/hard\libg.a(lib_a-memcpy.o)
                              CMakeFiles/MASTER_RR.elf.dir/Middlewares/Third_Party/FreeRTOS/Source/queue.c.obj (memcpy)
d:/gcc-arm-none-eabi-10.3-2021.10/bin/../lib/gcc/arm-none-eabi/10.3.1/../../../../arm-none-eabi/lib/thumb/v7e-m+fp/hard\libg.a(lib_a-memset.o)
                              d:/gcc-arm-none-eabi-10.3-2021.10/bin/../lib/gcc/arm-none-eabi/10.3.1/../../../../arm-none-eabi/lib/thumb/v7e-m+fp/hard/crt0.o (memset)
d:/gcc-arm-none-eabi-10.3-2021.10/bin/../lib/gcc/arm-none-eabi/10.3.1/../../../../arm-none-eabi/lib/thumb/v7e-m+fp/hard\libg.a(lib_a-vsnprintf.o)
                              CMakeFiles/MASTER_RR.elf.dir/Core/Src/printf.c.obj (vsnprintf)
d:/gcc-arm-none-eabi-10.3-2021.10/bin/../lib/gcc/arm-none-eabi/10.3.1/../../../../arm-none-eabi/lib/thumb/v7e-m+fp/hard\libg.a(lib_a-__call_atexit.o)
                              d:/gcc-arm-none-eabi-10.3-2021.10/bin/../lib/gcc/arm-none-eabi/10.3.1/../../../../arm-none-eabi/lib/thumb/v7e-m+fp/hard\libg.a(lib_a-exit.o) (__call_exitprocs)
d:/gcc-arm-none-eabi-10.3-2021.10/bin/../lib/gcc/arm-none-eabi/10.3.1/../../../../arm-none-eabi/lib/thumb/v7e-m+fp/hard\libg.a(lib_a-atexit.o)
                              d:/gcc-arm-none-eabi-10.3-2021.10/bin/../lib/gcc/arm-none-eabi/10.3.1/../../../../arm-none-eabi/lib/thumb/v7e-m+fp/hard\libg.a(lib_a-__call_atexit.o) (atexit)
d:/gcc-arm-none-eabi-10.3-2021.10/bin/../lib/gcc/arm-none-eabi/10.3.1/../../../../arm-none-eabi/lib/thumb/v7e-m+fp/hard\libg.a(lib_a-fini.o)
                              d:/gcc-arm-none-eabi-10.3-2021.10/bin/../lib/gcc/arm-none-eabi/10.3.1/../../../../arm-none-eabi/lib/thumb/v7e-m+fp/hard\libg.a(lib_a-__call_atexit.o) (__libc_fini_array)
d:/gcc-arm-none-eabi-10.3-2021.10/bin/../lib/gcc/arm-none-eabi/10.3.1/../../../../arm-none-eabi/lib/thumb/v7e-m+fp/hard\libg.a(lib_a-lock.o)
[...]
Memory Configuration

Name             Origin             Length             Attributes
CCMRAM           0x10000000         0x00010000         xrw
RAM              0x20000000         0x00020000         xrw
FLASH            0x08000000         0x00100000         xr
*default*        0x00000000         0xffffffff

Linker script and memory map

LOAD d:/gcc-arm-none-eabi-10.3-2021.10/bin/../lib/gcc/arm-none-eabi/10.3.1/thumb/v7e-m+fp/hard/crti.o
LOAD d:/gcc-arm-none-eabi-10.3-2021.10/bin/../lib/gcc/arm-none-eabi/10.3.1/thumb/v7e-m+fp/hard/crtbegin.o
LOAD d:/gcc-arm-none-eabi-10.3-2021.10/bin/../lib/gcc/arm-none-eabi/10.3.1/../../../../arm-none-eabi/lib/thumb/v7e-m+fp/hard/crt0.o
LOAD CMakeFiles/MASTER_RR.elf.dir/Core/Src/24l01.c.obj
LOAD CMakeFiles/MASTER_RR.elf.dir/Core/Src/A1_driver.c.obj
LOAD CMakeFiles/MASTER_RR.elf.dir/Core/Src/Omni_Classis_task.c.obj
LOAD CMakeFiles/MASTER_RR.elf.dir/Core/Src/can.c.obj
LOAD CMakeFiles/MASTER_RR.elf.dir/Core/Src/can_rec.c.obj
LOAD CMakeFiles/MASTER_RR.elf.dir/Core/Src/crc32.c.obj
LOAD CMakeFiles/MASTER_RR.elf.dir/Core/Src/dma.c.obj
LOAD CMakeFiles/MASTER_RR.elf.dir/Core/Src/freertos.c.obj
LOAD CMakeFiles/MASTER_RR.elf.dir/Core/Src/gpio.c.obj
LOAD CMakeFiles/MASTER_RR.elf.dir/Core/Src/kinematic.c.obj
LOAD CMakeFiles/MASTER_RR.elf.dir/Core/Src/laser.c.obj
LOAD CMakeFiles/MASTER_RR.elf.dir/Core/Src/locater.c.obj
LOAD CMakeFiles/MASTER_RR.elf.dir/Core/Src/main.c.obj
LOAD CMakeFiles/MASTER_RR.elf.dir/Core/Src/pid.c.obj
LOAD CMakeFiles/MASTER_RR.elf.dir/Core/Src/printf.c.obj
LOAD CMakeFiles/MASTER_RR.elf.dir/Core/Src/spi.c.obj
LOAD CMakeFiles/MASTER_RR.elf.dir/Core/Src/steering_wheel.c.obj
LOAD CMakeFiles/MASTER_RR.elf.dir/Core/Src/stm32f4xx_hal_msp.c.obj
LOAD CMakeFiles/MASTER_RR.elf.dir/Core/Src/stm32f4xx_hal_timebase_tim.c.obj
LOAD CMakeFiles/MASTER_RR.elf.dir/Core/Src/stm32f4xx_it.c.obj
LOAD CMakeFiles/MASTER_RR.elf.dir/Core/Src/syscalls.c.obj
LOAD CMakeFiles/MASTER_RR.elf.dir/Core/Src/sysmem.c.obj
LOAD CMakeFiles/MASTER_RR.elf.dir/Core/Src/system_stm32f4xx.c.obj
LOAD CMakeFiles/MASTER_RR.elf.dir/Core/Src/tim.c.obj
LOAD CMakeFiles/MASTER_RR.elf.dir/Core/Src/usart.c.obj
LOAD CMakeFiles/MASTER_RR.elf.dir/Core/Startup/startup_stm32f407zgtx.s.obj
LOAD CMakeFiles/MASTER_RR.elf.dir/Drivers/STM32F4xx_HAL_Driver/Src/stm32f4xx_hal.c.obj
LOAD CMakeFiles/MASTER_RR.elf.dir/Drivers/STM32F4xx_HAL_Driver/Src/stm32f4xx_hal_can.c.obj
LOAD CMakeFiles/MASTER_RR.elf.dir/Drivers/STM32F4xx_HAL_Driver/Src/stm32f4xx_hal_cortex.c.obj
LOAD CMakeFiles/MASTER_RR.elf.dir/Drivers/STM32F4xx_HAL_Driver/Src/stm32f4xx_hal_dma.c.obj
LOAD CMakeFiles/MASTER_RR.elf.dir/Drivers/STM32F4xx_HAL_Driver/Src/stm32f4xx_hal_dma_ex.c.obj
LOAD CMakeFiles/MASTER_RR.elf.dir/Drivers/STM32F4xx_HAL_Driver/Src/stm32f4xx_hal_exti.c.obj
LOAD CMakeFiles/MASTER_RR.elf.dir/Drivers/STM32F4xx_HAL_Driver/Src/stm32f4xx_hal_flash.c.obj
LOAD CMakeFiles/MASTER_RR.elf.dir/Drivers/STM32F4xx_HAL_Driver/Src/stm32f4xx_hal_flash_ex.c.obj
LOAD CMakeFiles/MASTER_RR.elf.dir/Drivers/STM32F4xx_HAL_Driver/Src/stm32f4xx_hal_flash_ramfunc.c.obj
LOAD CMakeFiles/MASTER_RR.elf.dir/Drivers/STM32F4xx_HAL_Driver/Src/stm32f4xx_hal_gpio.c.obj
LOAD CMakeFiles/MASTER_RR.elf.dir/Drivers/STM32F4xx_HAL_Driver/Src/stm32f4xx_hal_pwr.c.obj
LOAD CMakeFiles/MASTER_RR.elf.dir/Drivers/STM32F4xx_HAL_Driver/Src/stm32f4xx_hal_pwr_ex.c.obj
LOAD CMakeFiles/MASTER_RR.elf.dir/Drivers/STM32F4xx_HAL_Driver/Src/stm32f4xx_hal_rcc.c.obj
LOAD CMakeFiles/MASTER_RR.elf.dir/Drivers/STM32F4xx_HAL_Driver/Src/stm32f4xx_hal_rcc_ex.c.obj
LOAD CMakeFiles/MASTER_RR.elf.dir/Drivers/STM32F4xx_HAL_Driver/Src/stm32f4xx_hal_spi.c.obj
LOAD CMakeFiles/MASTER_RR.elf.dir/Drivers/STM32F4xx_HAL_Driver/Src/stm32f4xx_hal_tim.c.obj
LOAD CMakeFiles/MASTER_RR.elf.dir/Drivers/STM32F4xx_HAL_Driver/Src/stm32f4xx_hal_tim_ex.c.obj
LOAD CMakeFiles/MASTER_RR.elf.dir/Drivers/STM32F4xx_HAL_Driver/Src/stm32f4xx_hal_uart.c.obj
LOAD CMakeFiles/MASTER_RR.elf.dir/Middlewares/Third_Party/FreeRTOS/Source/CMSIS_RTOS/cmsis_os.c.obj
LOAD CMakeFiles/MASTER_RR.elf.dir/Middlewares/Third_Party/FreeRTOS/Source/croutine.c.obj
LOAD CMakeFiles/MASTER_RR.elf.dir/Middlewares/Third_Party/FreeRTOS/Source/event_groups.c.obj
LOAD CMakeFiles/MASTER_RR.elf.dir/Middlewares/Third_Party/FreeRTOS/Source/list.c.obj
LOAD CMakeFiles/MASTER_RR.elf.dir/Middlewares/Third_Party/FreeRTOS/Source/portable/GCC/ARM_CM4F/port.c.obj
LOAD CMakeFiles/MASTER_RR.elf.dir/Middlewares/Third_Party/FreeRTOS/Source/portable/MemMang/heap_4.c.obj
LOAD CMakeFiles/MASTER_RR.elf.dir/Middlewares/Third_Party/FreeRTOS/Source/queue.c.obj
LOAD CMakeFiles/MASTER_RR.elf.dir/Middlewares/Third_Party/FreeRTOS/Source/stream_buffer.c.obj
LOAD CMakeFiles/MASTER_RR.elf.dir/Middlewares/Third_Party/FreeRTOS/Source/tasks.c.obj
LOAD CMakeFiles/MASTER_RR.elf.dir/Middlewares/Third_Party/FreeRTOS/Source/timers.c.obj
LOAD C:\Users\1\Desktop\car\Master-car\Middlewares\ST\ARM\DSP\Lib\libarm_cortexM4lf_math.a
START GROUP
LOAD d:/gcc-arm-none-eabi-10.3-2021.10/bin/../lib/gcc/arm-none-eabi/10.3.1/thumb/v7e-m+fp/hard\libgcc.a
LOAD d:/gcc-arm-none-eabi-10.3-2021.10/bin/../lib/gcc/arm-none-eabi/10.3.1/../../../../arm-none-eabi/lib/thumb/v7e-m+fp/hard\libg.a
LOAD d:/gcc-arm-none-eabi-10.3-2021.10/bin/../lib/gcc/arm-none-eabi/10.3.1/../../../../arm-none-eabi/lib/thumb/v7e-m+fp/hard\libc.a
END GROUP
LOAD d:/gcc-arm-none-eabi-10.3-2021.10/bin/../lib/gcc/arm-none-eabi/10.3.1/thumb/v7e-m+fp/hard/crtend.o
LOAD d:/gcc-arm-none-eabi-10.3-2021.10/bin/../lib/gcc/arm-none-eabi/10.3.1/thumb/v7e-m+fp/hard/crtn.o
                0x20020000                _estack = (ORIGIN (RAM) + LENGTH (RAM))
                0x00000200                _Min_Heap_Size = 0x200
                0x00000400                _Min_Stack_Size = 0x400

.isr_vector     0x08000000      0x188
                0x08000000                . = ALIGN (0x4)
 *(.isr_vector)
 .isr_vector    0x08000000      0x188 CMakeFiles/MASTER_RR.elf.dir/Core/Startup/startup_stm32f407zgtx.s.obj
                0x08000000                g_pfnVectors
                0x08000188                . = ALIGN (0x4)

.text           0x080001c0     0xe668
                0x080001c0                . = ALIGN (0x4)
 *(.text)
 .text          0x080001c0       0x40 d:/gcc-arm-none-eabi-10.3-2021.10/bin/../lib/gcc/arm-none-eabi/10.3.1/thumb/v7e-m+fp/hard/crtbegin.o
 .text          0x08000200      0x378 d:/gcc-arm-none-eabi-10.3-2021.10/bin/../lib/gcc/arm-none-eabi/10.3.1/thumb/v7e-m+fp/hard\libgcc.a(_arm_addsubdf3.o)
                0x08000200                __aeabi_drsub
                0x08000208                __aeabi_dsub
                0x08000208                __subdf3
                0x0800020c                __aeabi_dadd
                0x0800020c                __adddf3
                0x08000484                __floatunsidf
                0x08000484                __aeabi_ui2d
                0x080004a4                __floatsidf
                0x080004a4                __aeabi_i2d
                0x080004c8                __aeabi_f2d
                0x080004c8                __extendsfdf2
                0x0800050c                __floatundidf
                0x0800050c                __aeabi_ul2d
                0x0800051c                __floatdidf
                0x0800051c                __aeabi_l2d
 .text          0x08000578       0x30 d:/gcc-arm-none-eabi-10.3-2021.10/bin/../lib/gcc/arm-none-eabi/10.3.1/thumb/v7e-m+fp/hard\libgcc.a(_aeabi_uldivmod.o)
                0x08000578                __aeabi_uldivmod
 .text          0x080005a8      0x2d0 d:/gcc-arm-none-eabi-10.3-2021.10/bin/../lib/gcc/arm-none-eabi/10.3.1/thumb/v7e-m+fp/hard\libgcc.a(_udivmoddi4.o)
                0x080005a8                __udivmoddi4
 .text          0x08000878        0x4 d:/gcc-arm-none-eabi-10.3-2021.10/bin/../lib/gcc/arm-none-eabi/10.3.1/thumb/v7e-m+fp/hard\libgcc.a(_dvmd_tls.o)
                0x08000878                __aeabi_idiv0
                0x08000878                __aeabi_ldiv0
 .text          0x0800087c      0x134 d:/gcc-arm-none-eabi-10.3-2021.10/bin/../lib/gcc/arm-none-eabi/10.3.1/../../../../arm-none-eabi/lib/thumb/v7e-m+fp/hard\libg.a(lib_a-memcpy.o)
                0x0800087c                memcpy
 .text          0x080009b0       0xa0 d:/gcc-arm-none-eabi-10.3-2021.10/bin/../lib/gcc/arm-none-eabi/10.3.1/../../../../arm-none-eabi/lib/thumb/v7e-m+fp/hard\libg.a(lib_a-memchr.o)
                0x080009b0                memchr
 *fill*         0x08000a50       0x30 
 .text          0x08000a80       0xdc d:/gcc-arm-none-eabi-10.3-2021.10/bin/../lib/gcc/arm-none-eabi/10.3.1/../../../../arm-none-eabi/lib/thumb/v7e-m+fp/hard\libg.a(lib_a-strlen.o)
                0x08000a80                strlen
 .text          0x08000b5c      0x424 d:/gcc-arm-none-eabi-10.3-2021.10/bin/../lib/gcc/arm-none-eabi/10.3.1/thumb/v7e-m+fp/hard\libgcc.a(_arm_muldivdf3.o)
                0x08000b5c                __aeabi_dmul
                0x08000b5c                __muldf3
                0x08000db0                __divdf3
                0x08000db0                __aeabi_ddiv
 .text          0x08000f80      0x110 d:/gcc-arm-none-eabi-10.3-2021.10/bin/../lib/gcc/arm-none-eabi/10.3.1/thumb/v7e-m+fp/hard\libgcc.a(_arm_cmpdf2.o)
                0x08000f80                __gtdf2
                0x08000f80                __gedf2
                0x08000f88                __ltdf2
                0x08000f88                __ledf2
                0x08000f90                __nedf2
                0x08000f90                __eqdf2
                0x08000f90                __cmpdf2
                0x0800100c                __aeabi_cdrcmple
                0x0800101c                __aeabi_cdcmpeq
                0x0800101c                __aeabi_cdcmple
                0x0800102c                __aeabi_dcmpeq
                0x08001040                __aeabi_dcmplt
                0x08001054                __aeabi_dcmple
                0x08001068                __aeabi_dcmpge
                0x0800107c                __aeabi_dcmpgt
 .text          0x08001090       0x2c d:/gcc-arm-none-eabi-10.3-2021.10/bin/../lib/gcc/arm-none-eabi/10.3.1/thumb/v7e-m+fp/hard\libgcc.a(_arm_unorddf2.o)
                0x08001090                __unorddf2
                0x08001090                __aeabi_dcmpun
 .text          0x080010bc       0x50 d:/gcc-arm-none-eabi-10.3-2021.10/bin/../lib/gcc/arm-none-eabi/10.3.1/thumb/v7e-m+fp/hard\libgcc.a(_arm_fixdfsi.o)
                0x080010bc                __aeabi_d2iz
                0x080010bc                __fixdfsi
 *(.text*)
 .text.SPIx_ReadWriteByte
                0x0800110c       0x34 CMakeFiles/MASTER_RR.elf.dir/Core/Src/24l01.c.obj
                0x0800110c                SPIx_ReadWriteByte
 .text.NRF24L01_Write_Reg
                0x08001140       0x3c CMakeFiles/MASTER_RR.elf.dir/Core/Src/24l01.c.obj
                0x08001140                NRF24L01_Write_Reg
 .text.NRF24L01_Read_Reg
                0x0800117c       0x3c CMakeFiles/MASTER_RR.elf.dir/Core/Src/24l01.c.obj
                0x0800117c                NRF24L01_Read_Reg
 .text.NRF24L01_Read_Buf
                0x080011b8       0x48 CMakeFiles/MASTER_RR.elf.dir/Core/Src/24l01.c.obj
                0x080011b8                NRF24L01_Read_Buf
 .text.NRF24L01_Write_Buf
                0x08001200       0x48 CMakeFiles/MASTER_RR.elf.dir/Core/Src/24l01.c.obj
                0x08001200                NRF24L01_Write_Buf
 .text.NRF24L01_Check
                0x08001248       0x54 CMakeFiles/MASTER_RR.elf.dir/Core/Src/24l01.c.obj
                0x08001248                NRF24L01_Check
 .text.NRF24L01_RxPacket
                0x0800129c       0x40 CMakeFiles/MASTER_RR.elf.dir/Core/Src/24l01.c.obj
                0x0800129c                NRF24L01_RxPacket
 .text.NRF24L01_RX_Mode
                0x080012dc       0x6c CMakeFiles/MASTER_RR.elf.dir/Core/Src/24l01.c.obj
                0x080012dc                NRF24L01_RX_Mode
 .text.HAL_UART_RxCpltCallback
                0x08001348        0x2 CMakeFiles/MASTER_RR.elf.dir/Core/Src/A1_driver.c.obj
                0x08001348                HAL_UART_RxCpltCallback
 *fill*         0x0800134a        0x2 
 .text.Classis_Slove
                0x0800134c       0x8c CMakeFiles/MASTER_RR.elf.dir/Core/Src/Omni_Classis_task.c.obj
                0x0800134c                Classis_Slove
 .text.Speed_Change
                0x080013d8      0x184 CMakeFiles/MASTER_RR.elf.dir/Core/Src/Omni_Classis_task.c.obj
                0x080013d8                Speed_Change
 .text.Angle_Change
                0x0800155c       0x1c CMakeFiles/MASTER_RR.elf.dir/Core/Src/Omni_Classis_task.c.obj
                0x0800155c                Angle_Change
 .text.FanAngle_Change
                0x08001578       0x1c CMakeFiles/MASTER_RR.elf.dir/Core/Src/Omni_Classis_task.c.obj
                0x08001578                FanAngle_Change
 .text.Row_Change
                0x08001594      0x6c0 CMakeFiles/MASTER_RR.elf.dir/Core/Src/Omni_Classis_task.c.obj
                0x08001594                Row_Change
 .text.XYR_Speed_Charge
                0x08001c54       0xf4 CMakeFiles/MASTER_RR.elf.dir/Core/Src/Omni_Classis_task.c.obj
                0x08001c54                XYR_Speed_Charge
 .text.Run_Point
                0x08001d48      0x1c4 CMakeFiles/MASTER_RR.elf.dir/Core/Src/Omni_Classis_task.c.obj
                0x08001d48                Run_Point
 .text.MX_CAN1_Init
                0x08001f0c       0x48 CMakeFiles/MASTER_RR.elf.dir/Core/Src/can.c.obj
                0x08001f0c                MX_CAN1_Init
 .text.MX_CAN2_Init
                0x08001f54       0x48 CMakeFiles/MASTER_RR.elf.dir/Core/Src/can.c.obj
                0x08001f54                MX_CAN2_Init
 .text.HAL_CAN_MspInit
                0x08001f9c      0x124 CMakeFiles/MASTER_RR.elf.dir/Core/Src/can.c.obj
                0x08001f9c                HAL_CAN_MspInit
 .text.my_can_filter_init_recv_all
                0x080020c0       0x80 CMakeFiles/MASTER_RR.elf.dir/Core/Src/can_rec.c.obj
                0x080020c0                my_can_filter_init_recv_all
 .text.HAL_CAN_RxFifo0MsgPendingCallback
                0x08002140       0xf4 CMakeFiles/MASTER_RR.elf.dir/Core/Src/can_rec.c.obj
                0x08002140                HAL_CAN_RxFifo0MsgPendingCallback
 .text.crc32_core
                0x08002234       0x58 CMakeFiles/MASTER_RR.elf.dir/Core/Src/crc32.c.obj
                0x08002234                crc32_core
 .text.MX_DMA_Init
                0x0800228c       0xa8 CMakeFiles/MASTER_RR.elf.dir/Core/Src/dma.c.obj
                0x0800228c                MX_DMA_Init
 .text.RiseAndYaw
                0x08002334        0xa CMakeFiles/MASTER_RR.elf.dir/Core/Src/freertos.c.obj
                0x08002334                RiseAndYaw
 .text.Claw     0x0800233e        0xa CMakeFiles/MASTER_RR.elf.dir/Core/Src/freertos.c.obj
                0x0800233e                Claw
 .text.A1SpeedLimit
                0x08002348        0xa CMakeFiles/MASTER_RR.elf.dir/Core/Src/freertos.c.obj
                0x08002348                A1SpeedLimit
 .text.manualCrol
                0x08002352        0xa CMakeFiles/MASTER_RR.elf.dir/Core/Src/freertos.c.obj
                0x08002352                manualCrol
 .text.heartBeat
                0x0800235c       0x20 CMakeFiles/MASTER_RR.elf.dir/Core/Src/freertos.c.obj
                0x0800235c                heartBeat
 .text.StartDebugTask
                0x0800237c       0x5c CMakeFiles/MASTER_RR.elf.dir/Core/Src/freertos.c.obj
                0x0800237c                StartDebugTask
 .text.LED      0x080023d8       0x1c CMakeFiles/MASTER_RR.elf.dir/Core/Src/freertos.c.obj
                0x080023d8                LED
 .text.speedCtrl
                0x080023f4       0xd0 CMakeFiles/MASTER_RR.elf.dir/Core/Src/freertos.c.obj
                0x080023f4                speedCtrl
 .text.laserLoc
                0x080024c4      0x158 CMakeFiles/MASTER_RR.elf.dir/Core/Src/freertos.c.obj
                0x080024c4                laserLoc
 .text.NRFTask  0x0800261c      0x158 CMakeFiles/MASTER_RR.elf.dir/Core/Src/freertos.c.obj
                0x0800261c                NRFTask
 .text.vApplicationGetIdleTaskMemory
                0x08002774       0x18 CMakeFiles/MASTER_RR.elf.dir/Core/Src/freertos.c.obj
                0x08002774                vApplicationGetIdleTaskMemory
 .text.MX_FREERTOS_Init
                0x0800278c      0x238 CMakeFiles/MASTER_RR.elf.dir/Core/Src/freertos.c.obj
                0x0800278c                MX_FREERTOS_Init
 .text.MX_GPIO_Init
                0x080029c4      0x144 CMakeFiles/MASTER_RR.elf.dir/Core/Src/gpio.c.obj
                0x080029c4                MX_GPIO_Init
 .text.Laser_Loc
                0x08002b08       0x80 CMakeFiles/MASTER_RR.elf.dir/Core/Src/laser.c.obj
                0x08002b08                Laser_Loc
 .text.locater_data_rec
                0x08002b88       0xfc CMakeFiles/MASTER_RR.elf.dir/Core/Src/locater.c.obj
                0x08002b88                locater_data_rec
 .text.HAL_TIM_PeriodElapsedCallback
                0x08002c84       0x18 CMakeFiles/MASTER_RR.elf.dir/Core/Src/main.c.obj
                0x08002c84                HAL_TIM_PeriodElapsedCallback
 .text.Error_Handler
                0x08002c9c        0x4 CMakeFiles/MASTER_RR.elf.dir/Core/Src/main.c.obj
                0x08002c9c                Error_Handler
 .text.SystemClock_Config
                0x08002ca0       0xa8 CMakeFiles/MASTER_RR.elf.dir/Core/Src/main.c.obj
                0x08002ca0                SystemClock_Config
 .text.main     0x08002d48       0x46 CMakeFiles/MASTER_RR.elf.dir/Core/Src/main.c.obj
                0x08002d48                main
 .text.pid_param_init
                0x08002d8e       0x2a CMakeFiles/MASTER_RR.elf.dir/Core/Src/pid.c.obj
                0x08002d8e                pid_param_init
 .text.pid_calculate
                0x08002db8      0x138 CMakeFiles/MASTER_RR.elf.dir/Core/Src/pid.c.obj
                0x08002db8                pid_calculate
 .text.usart_printf
                0x08002ef0       0x38 CMakeFiles/MASTER_RR.elf.dir/Core/Src/printf.c.obj
                0x08002ef0                usart_printf
 .text.MX_SPI1_Init
                0x08002f28       0x44 CMakeFiles/MASTER_RR.elf.dir/Core/Src/spi.c.obj
                0x08002f28                MX_SPI1_Init
 .text.HAL_SPI_MspInit
                0x08002f6c       0x70 CMakeFiles/MASTER_RR.elf.dir/Core/Src/spi.c.obj
                0x08002f6c                HAL_SPI_MspInit
 .text.angleLimit
                0x08002fdc       0x54 CMakeFiles/MASTER_RR.elf.dir/Core/Src/steering_wheel.c.obj
                0x08002fdc                angleLimit
 .text.AngleOptimize
                0x08003030       0xd0 CMakeFiles/MASTER_RR.elf.dir/Core/Src/steering_wheel.c.obj
                0x08003030                AngleOptimize
 .text.Angle2Rad
                0x08003100       0x1c CMakeFiles/MASTER_RR.elf.dir/Core/Src/steering_wheel.c.obj
                0x08003100                Angle2Rad
 .text.Rad2Angle
                0x0800311c       0x1c CMakeFiles/MASTER_RR.elf.dir/Core/Src/steering_wheel.c.obj
                0x0800311c                Rad2Angle
 .text.Robot2Wheel_XY
                0x08003138       0xa0 CMakeFiles/MASTER_RR.elf.dir/Core/Src/steering_wheel.c.obj
                0x08003138                Robot2Wheel_XY
 .text.SendWheelData
                0x080031d8       0x84 CMakeFiles/MASTER_RR.elf.dir/Core/Src/steering_wheel.c.obj
                0x080031d8                SendWheelData
 .text.SetRobotVel_XY
                0x0800325c      0x110 CMakeFiles/MASTER_RR.elf.dir/Core/Src/steering_wheel.c.obj
                0x0800325c                SetRobotVel_XY
 .text.HAL_MspInit
                0x0800336c       0x44 CMakeFiles/MASTER_RR.elf.dir/Core/Src/stm32f4xx_hal_msp.c.obj
                0x0800336c                HAL_MspInit
 .text.HAL_InitTick
                0x080033b0       0xa4 CMakeFiles/MASTER_RR.elf.dir/Core/Src/stm32f4xx_hal_timebase_tim.c.obj
                0x080033b0                HAL_InitTick
 .text.NMI_Handler
                0x08003454        0x2 CMakeFiles/MASTER_RR.elf.dir/Core/Src/stm32f4xx_it.c.obj
                0x08003454                NMI_Handler
 .text.HardFault_Handler
                0x08003456        0x2 CMakeFiles/MASTER_RR.elf.dir/Core/Src/stm32f4xx_it.c.obj
                0x08003456                HardFault_Handler
 .text.MemManage_Handler
                0x08003458        0x2 CMakeFiles/MASTER_RR.elf.dir/Core/Src/stm32f4xx_it.c.obj
                0x08003458                MemManage_Handler
 .text.BusFault_Handler
                0x0800345a        0x2 CMakeFiles/MASTER_RR.elf.dir/Core/Src/stm32f4xx_it.c.obj
                0x0800345a                BusFault_Handler
 .text.UsageFault_Handler
                0x0800345c        0x2 CMakeFiles/MASTER_RR.elf.dir/Core/Src/stm32f4xx_it.c.obj
                0x0800345c                UsageFault_Handler
 .text.DebugMon_Handler
                0x0800345e        0x2 CMakeFiles/MASTER_RR.elf.dir/Core/Src/stm32f4xx_it.c.obj
                0x0800345e                DebugMon_Handler
 .text.DMA1_Stream1_IRQHandler
                0x08003460       0x10 CMakeFiles/MASTER_RR.elf.dir/Core/Src/stm32f4xx_it.c.obj
                0x08003460                DMA1_Stream1_IRQHandler
 .text.DMA1_Stream3_IRQHandler
                0x08003470       0x10 CMakeFiles/MASTER_RR.elf.dir/Core/Src/stm32f4xx_it.c.obj
                0x08003470                DMA1_Stream3_IRQHandler
 .text.DMA1_Stream5_IRQHandler
                0x08003480       0x10 CMakeFiles/MASTER_RR.elf.dir/Core/Src/stm32f4xx_it.c.obj
                0x08003480                DMA1_Stream5_IRQHandler
 .text.DMA1_Stream6_IRQHandler
                0x08003490       0x10 CMakeFiles/MASTER_RR.elf.dir/Core/Src/stm32f4xx_it.c.obj
                0x08003490                DMA1_Stream6_IRQHandler
 .text.CAN1_RX0_IRQHandler
                0x080034a0       0x10 CMakeFiles/MASTER_RR.elf.dir/Core/Src/stm32f4xx_it.c.obj
                0x080034a0                CAN1_RX0_IRQHandler
 .text.USART1_IRQHandler
                0x080034b0       0x10 CMakeFiles/MASTER_RR.elf.dir/Core/Src/stm32f4xx_it.c.obj
                0x080034b0                USART1_IRQHandler
 .text.USART2_IRQHandler
                0x080034c0       0x7c CMakeFiles/MASTER_RR.elf.dir/Core/Src/stm32f4xx_it.c.obj
                0x080034c0                USART2_IRQHandler
 .text.USART3_IRQHandler
                0x0800353c       0x54 CMakeFiles/MASTER_RR.elf.dir/Core/Src/stm32f4xx_it.c.obj
                0x0800353c                USART3_IRQHandler
 .text.TIM7_IRQHandler
                0x08003590       0x10 CMakeFiles/MASTER_RR.elf.dir/Core/Src/stm32f4xx_it.c.obj
                0x08003590                TIM7_IRQHandler
 .text.DMA2_Stream1_IRQHandler
                0x080035a0       0x10 CMakeFiles/MASTER_RR.elf.dir/Core/Src/stm32f4xx_it.c.obj
                0x080035a0                DMA2_Stream1_IRQHandler
 .text.CAN2_RX0_IRQHandler
                0x080035b0       0x10 CMakeFiles/MASTER_RR.elf.dir/Core/Src/stm32f4xx_it.c.obj
                0x080035b0                CAN2_RX0_IRQHandler
 .text.DMA2_Stream6_IRQHandler
                0x080035c0       0x10 CMakeFiles/MASTER_RR.elf.dir/Core/Src/stm32f4xx_it.c.obj
                0x080035c0                DMA2_Stream6_IRQHandler
 .text.DMA2_Stream7_IRQHandler
                0x080035d0       0x10 CMakeFiles/MASTER_RR.elf.dir/Core/Src/stm32f4xx_it.c.obj
                0x080035d0                DMA2_Stream7_IRQHandler
 .text.USART6_IRQHandler
                0x080035e0       0xd8 CMakeFiles/MASTER_RR.elf.dir/Core/Src/stm32f4xx_it.c.obj
                0x080035e0                USART6_IRQHandler
 .text._getpid  0x080036b8        0x4 CMakeFiles/MASTER_RR.elf.dir/Core/Src/syscalls.c.obj
                0x080036b8                _getpid
 .text._kill    0x080036bc       0x10 CMakeFiles/MASTER_RR.elf.dir/Core/Src/syscalls.c.obj
                0x080036bc                _kill
 .text._exit    0x080036cc        0xc CMakeFiles/MASTER_RR.elf.dir/Core/Src/syscalls.c.obj
                0x080036cc                _exit
 .text._read    0x080036d8       0x20 CMakeFiles/MASTER_RR.elf.dir/Core/Src/syscalls.c.obj
                0x080036d8                _read
 .text._write   0x080036f8       0x1c CMakeFiles/MASTER_RR.elf.dir/Core/Src/syscalls.c.obj
                0x080036f8                _write
 .text._close   0x08003714        0x6 CMakeFiles/MASTER_RR.elf.dir/Core/Src/syscalls.c.obj
                0x08003714                _close
 .text._fstat   0x0800371a        0xa CMakeFiles/MASTER_RR.elf.dir/Core/Src/syscalls.c.obj
                0x0800371a                _fstat
 .text._isatty  0x08003724        0x4 CMakeFiles/MASTER_RR.elf.dir/Core/Src/syscalls.c.obj
                0x08003724                _isatty
 .text._lseek   0x08003728        0x4 CMakeFiles/MASTER_RR.elf.dir/Core/Src/syscalls.c.obj
                0x08003728                _lseek
 .text._sbrk    0x0800372c       0x48 CMakeFiles/MASTER_RR.elf.dir/Core/Src/sysmem.c.obj
                0x0800372c                _sbrk
 .text.SystemInit
                0x08003774       0x14 CMakeFiles/MASTER_RR.elf.dir/Core/Src/system_stm32f4xx.c.obj
                0x08003774                SystemInit
 .text.HAL_TIM_Base_MspInit
                0x08003788       0x50 CMakeFiles/MASTER_RR.elf.dir/Core/Src/tim.c.obj
                0x08003788                HAL_TIM_Base_MspInit
 .text.HAL_TIM_MspPostInit
                0x080037d8       0x88 CMakeFiles/MASTER_RR.elf.dir/Core/Src/tim.c.obj
                0x080037d8                HAL_TIM_MspPostInit
 .text.MX_TIM2_Init
                0x08003860       0xac CMakeFiles/MASTER_RR.elf.dir/Core/Src/tim.c.obj
                0x08003860                MX_TIM2_Init
 .text.MX_TIM5_Init
                0x0800390c       0xb4 CMakeFiles/MASTER_RR.elf.dir/Core/Src/tim.c.obj
                0x0800390c                MX_TIM5_Init
 .text.MX_USART1_UART_Init
                0x080039c0       0x34 CMakeFiles/MASTER_RR.elf.dir/Core/Src/usart.c.obj
                0x080039c0                MX_USART1_UART_Init
 .text.MX_USART2_UART_Init
                0x080039f4       0x4c CMakeFiles/MASTER_RR.elf.dir/Core/Src/usart.c.obj
                0x080039f4                MX_USART2_UART_Init
 .text.MX_USART3_UART_Init
                0x08003a40       0x50 CMakeFiles/MASTER_RR.elf.dir/Core/Src/usart.c.obj
                0x08003a40                MX_USART3_UART_Init
 .text.MX_USART6_UART_Init
                0x08003a90       0x50 CMakeFiles/MASTER_RR.elf.dir/Core/Src/usart.c.obj
                0x08003a90                MX_USART6_UART_Init
 .text.HAL_UART_MspInit
                0x08003ae0      0x35c CMakeFiles/MASTER_RR.elf.dir/Core/Src/usart.c.obj
                0x08003ae0                HAL_UART_MspInit
 .text.Reset_Handler
                0x08003e3c       0x50 CMakeFiles/MASTER_RR.elf.dir/Core/Startup/startup_stm32f407zgtx.s.obj
                0x08003e3c                Reset_Handler
 .text.Default_Handler
                0x08003e8c        0x2 CMakeFiles/MASTER_RR.elf.dir/Core/Startup/startup_stm32f407zgtx.s.obj
                0x08003e8c                RTC_Alarm_IRQHandler
                0x08003e8c                HASH_RNG_IRQHandler
                0x08003e8c                EXTI2_IRQHandler
                0x08003e8c                TIM8_CC_IRQHandler
                0x08003e8c                TIM1_CC_IRQHandler
                0x08003e8c                DMA2_Stream5_IRQHandler
                0x08003e8c                PVD_IRQHandler
                0x08003e8c                SDIO_IRQHandler
                0x08003e8c                TAMP_STAMP_IRQHandler
                0x08003e8c                CAN2_RX1_IRQHandler
                0x08003e8c                EXTI3_IRQHandler
                0x08003e8c                TIM8_TRG_COM_TIM14_IRQHandler
                0x08003e8c                TIM1_UP_TIM10_IRQHandler
                0x08003e8c                TIM8_UP_TIM13_IRQHandler
                0x08003e8c                I2C3_ER_IRQHandler
                0x08003e8c                EXTI0_IRQHandler
                0x08003e8c                I2C2_EV_IRQHandler
                0x08003e8c                DMA1_Stream2_IRQHandler
                0x08003e8c                FPU_IRQHandler
                0x08003e8c                OTG_HS_WKUP_IRQHandler
                0x08003e8c                CAN2_SCE_IRQHandler
                0x08003e8c                DMA2_Stream2_IRQHandler
                0x08003e8c                SPI1_IRQHandler
                0x08003e8c                TIM6_DAC_IRQHandler
                0x08003e8c                TIM1_BRK_TIM9_IRQHandler
                0x08003e8c                DCMI_IRQHandler
                0x08003e8c                DMA2_Stream3_IRQHandler
                0x08003e8c                CAN1_RX1_IRQHandler
                0x08003e8c                UART5_IRQHandler
                0x08003e8c                DMA2_Stream0_IRQHandler
                0x08003e8c                TIM4_IRQHandler
                0x08003e8c                I2C1_EV_IRQHandler
                0x08003e8c                UART4_IRQHandler
                0x08003e8c                TIM3_IRQHandler
                0x08003e8c                RCC_IRQHandler
                0x08003e8c                TIM8_BRK_TIM12_IRQHandler
                0x08003e8c                Default_Handler
                0x08003e8c                EXTI15_10_IRQHandler
                0x08003e8c                ADC_IRQHandler
                0x08003e8c                DMA1_Stream7_IRQHandler
                0x08003e8c                CAN2_TX_IRQHandler
                0x08003e8c                TIM5_IRQHandler
                0x08003e8c                I2C3_EV_IRQHandler
                0x08003e8c                EXTI9_5_IRQHandler
                0x08003e8c                RTC_WKUP_IRQHandler
                0x08003e8c                ETH_WKUP_IRQHandler
                0x08003e8c                SPI2_IRQHandler
                0x08003e8c                OTG_HS_EP1_IN_IRQHandler
                0x08003e8c                DMA1_Stream0_IRQHandler
                0x08003e8c                CAN1_TX_IRQHandler
                0x08003e8c                EXTI4_IRQHandler
                0x08003e8c                FSMC_IRQHandler
                0x08003e8c                ETH_IRQHandler
                0x08003e8c                OTG_HS_EP1_OUT_IRQHandler
                0x08003e8c                WWDG_IRQHandler
                0x08003e8c                TIM2_IRQHandler
                0x08003e8c                OTG_FS_WKUP_IRQHandler
                0x08003e8c                TIM1_TRG_COM_TIM11_IRQHandler
                0x08003e8c                OTG_HS_IRQHandler
                0x08003e8c                EXTI1_IRQHandler
                0x08003e8c                I2C2_ER_IRQHandler
                0x08003e8c                CAN1_SCE_IRQHandler
                0x08003e8c                FLASH_IRQHandler
                0x08003e8c                DMA2_Stream4_IRQHandler
                0x08003e8c                OTG_FS_IRQHandler
                0x08003e8c                SPI3_IRQHandler
                0x08003e8c                DMA1_Stream4_IRQHandler
                0x08003e8c                I2C1_ER_IRQHandler
 *fill*         0x08003e8e        0x2 
 .text.HAL_Init
                0x08003e90       0x34 CMakeFiles/MASTER_RR.elf.dir/Drivers/STM32F4xx_HAL_Driver/Src/stm32f4xx_hal.c.obj
                0x08003e90                HAL_Init
 .text.HAL_IncTick
                0x08003ec4       0x18 CMakeFiles/MASTER_RR.elf.dir/Drivers/STM32F4xx_HAL_Driver/Src/stm32f4xx_hal.c.obj
                0x08003ec4                HAL_IncTick
 .text.HAL_GetTick
                0x08003edc        0xc CMakeFiles/MASTER_RR.elf.dir/Drivers/STM32F4xx_HAL_Driver/Src/stm32f4xx_hal.c.obj
                0x08003edc                HAL_GetTick
 .text.HAL_Delay
                0x08003ee8       0x28 CMakeFiles/MASTER_RR.elf.dir/Drivers/STM32F4xx_HAL_Driver/Src/stm32f4xx_hal.c.obj
                0x08003ee8                HAL_Delay
 .text.HAL_CAN_Init
                0x08003f10      0x14c CMakeFiles/MASTER_RR.elf.dir/Drivers/STM32F4xx_HAL_Driver/Src/stm32f4xx_hal_can.c.obj
                0x08003f10                HAL_CAN_Init
 .text.HAL_CAN_ConfigFilter
                0x0800405c      0x138 CMakeFiles/MASTER_RR.elf.dir/Drivers/STM32F4xx_HAL_Driver/Src/stm32f4xx_hal_can.c.obj
                0x0800405c                HAL_CAN_ConfigFilter
 .text.HAL_CAN_Start
                0x08004194       0x5c CMakeFiles/MASTER_RR.elf.dir/Drivers/STM32F4xx_HAL_Driver/Src/stm32f4xx_hal_can.c.obj
                0x08004194                HAL_CAN_Start
 .text.HAL_CAN_AddTxMessage
                0x080041f0       0xfc CMakeFiles/MASTER_RR.elf.dir/Drivers/STM32F4xx_HAL_Driver/Src/stm32f4xx_hal_can.c.obj
                0x080041f0                HAL_CAN_AddTxMessage
 .text.HAL_CAN_GetTxMailboxesFreeLevel
                0x080042ec       0x32 CMakeFiles/MASTER_RR.elf.dir/Drivers/STM32F4xx_HAL_Driver/Src/stm32f4xx_hal_can.c.obj
                0x080042ec                HAL_CAN_GetTxMailboxesFreeLevel
 .text.HAL_CAN_GetRxMessage
                0x0800431e      0x14a CMakeFiles/MASTER_RR.elf.dir/Drivers/STM32F4xx_HAL_Driver/Src/stm32f4xx_hal_can.c.obj
                0x0800431e                HAL_CAN_GetRxMessage
 .text.HAL_CAN_ActivateNotification
                0x08004468       0x24 CMakeFiles/MASTER_RR.elf.dir/Drivers/STM32F4xx_HAL_Driver/Src/stm32f4xx_hal_can.c.obj
                0x08004468                HAL_CAN_ActivateNotification
 .text.HAL_CAN_TxMailbox0CompleteCallback
                0x0800448c        0x2 CMakeFiles/MASTER_RR.elf.dir/Drivers/STM32F4xx_HAL_Driver/Src/stm32f4xx_hal_can.c.obj
                0x0800448c                HAL_CAN_TxMailbox0CompleteCallback
 .text.HAL_CAN_TxMailbox1CompleteCallback
                0x0800448e        0x2 CMakeFiles/MASTER_RR.elf.dir/Drivers/STM32F4xx_HAL_Driver/Src/stm32f4xx_hal_can.c.obj
                0x0800448e                HAL_CAN_TxMailbox1CompleteCallback
 .text.HAL_CAN_TxMailbox2CompleteCallback
                0x08004490        0x2 CMakeFiles/MASTER_RR.elf.dir/Drivers/STM32F4xx_HAL_Driver/Src/stm32f4xx_hal_can.c.obj
                0x08004490                HAL_CAN_TxMailbox2CompleteCallback
 .text.HAL_CAN_TxMailbox0AbortCallback
                0x08004492        0x2 CMakeFiles/MASTER_RR.elf.dir/Drivers/STM32F4xx_HAL_Driver/Src/stm32f4xx_hal_can.c.obj
                0x08004492                HAL_CAN_TxMailbox0AbortCallback
 .text.HAL_CAN_TxMailbox1AbortCallback
                0x08004494        0x2 CMakeFiles/MASTER_RR.elf.dir/Drivers/STM32F4xx_HAL_Driver/Src/stm32f4xx_hal_can.c.obj
                0x08004494                HAL_CAN_TxMailbox1AbortCallback
 .text.HAL_CAN_TxMailbox2AbortCallback
                0x08004496        0x2 CMakeFiles/MASTER_RR.elf.dir/Drivers/STM32F4xx_HAL_Driver/Src/stm32f4xx_hal_can.c.obj
                0x08004496                HAL_CAN_TxMailbox2AbortCallback
 .text.HAL_CAN_RxFifo0FullCallback
                0x08004498        0x2 CMakeFiles/MASTER_RR.elf.dir/Drivers/STM32F4xx_HAL_Driver/Src/stm32f4xx_hal_can.c.obj
                0x08004498                HAL_CAN_RxFifo0FullCallback
 .text.HAL_CAN_RxFifo1MsgPendingCallback
                0x0800449a        0x2 CMakeFiles/MASTER_RR.elf.dir/Drivers/STM32F4xx_HAL_Driver/Src/stm32f4xx_hal_can.c.obj
                0x0800449a                HAL_CAN_RxFifo1MsgPendingCallback
 .text.HAL_CAN_RxFifo1FullCallback
                0x0800449c        0x2 CMakeFiles/MASTER_RR.elf.dir/Drivers/STM32F4xx_HAL_Driver/Src/stm32f4xx_hal_can.c.obj
                0x0800449c                HAL_CAN_RxFifo1FullCallback
 .text.HAL_CAN_SleepCallback
                0x0800449e        0x2 CMakeFiles/MASTER_RR.elf.dir/Drivers/STM32F4xx_HAL_Driver/Src/stm32f4xx_hal_can.c.obj
                0x0800449e                HAL_CAN_SleepCallback
 .text.HAL_CAN_WakeUpFromRxMsgCallback
                0x080044a0        0x2 CMakeFiles/MASTER_RR.elf.dir/Drivers/STM32F4xx_HAL_Driver/Src/stm32f4xx_hal_can.c.obj
                0x080044a0                HAL_CAN_WakeUpFromRxMsgCallback
 .text.HAL_CAN_ErrorCallback
                0x080044a2        0x2 CMakeFiles/MASTER_RR.elf.dir/Drivers/STM32F4xx_HAL_Driver/Src/stm32f4xx_hal_can.c.obj
                0x080044a2                HAL_CAN_ErrorCallback
 .text.HAL_CAN_IRQHandler
                0x080044a4      0x24a CMakeFiles/MASTER_RR.elf.dir/Drivers/STM32F4xx_HAL_Driver/Src/stm32f4xx_hal_can.c.obj
                0x080044a4                HAL_CAN_IRQHandler
 *fill*         0x080046ee        0x2 
 .text.HAL_NVIC_SetPriorityGrouping
                0x080046f0       0x24 CMakeFiles/MASTER_RR.elf.dir/Drivers/STM32F4xx_HAL_Driver/Src/stm32f4xx_hal_cortex.c.obj
                0x080046f0                HAL_NVIC_SetPriorityGrouping
 .text.HAL_NVIC_SetPriority
                0x08004714       0x70 CMakeFiles/MASTER_RR.elf.dir/Drivers/STM32F4xx_HAL_Driver/Src/stm32f4xx_hal_cortex.c.obj
                0x08004714                HAL_NVIC_SetPriority
 .text.HAL_NVIC_EnableIRQ
                0x08004784       0x1c CMakeFiles/MASTER_RR.elf.dir/Drivers/STM32F4xx_HAL_Driver/Src/stm32f4xx_hal_cortex.c.obj
                0x08004784                HAL_NVIC_EnableIRQ
 .text.DMA_SetConfig
                0x080047a0       0x2c CMakeFiles/MASTER_RR.elf.dir/Drivers/STM32F4xx_HAL_Driver/Src/stm32f4xx_hal_dma.c.obj
 .text.DMA_CalcBaseAndBitshift
                0x080047cc       0x44 CMakeFiles/MASTER_RR.elf.dir/Drivers/STM32F4xx_HAL_Driver/Src/stm32f4xx_hal_dma.c.obj
 .text.DMA_CheckFifoParam
                0x08004810       0x8e CMakeFiles/MASTER_RR.elf.dir/Drivers/STM32F4xx_HAL_Driver/Src/stm32f4xx_hal_dma.c.obj
 *fill*         0x0800489e        0x2 
 .text.HAL_DMA_Init
                0x080048a0       0xcc CMakeFiles/MASTER_RR.elf.dir/Drivers/STM32F4xx_HAL_Driver/Src/stm32f4xx_hal_dma.c.obj
                0x080048a0                HAL_DMA_Init
 .text.HAL_DMA_Start_IT
                0x0800496c       0x6a CMakeFiles/MASTER_RR.elf.dir/Drivers/STM32F4xx_HAL_Driver/Src/stm32f4xx_hal_dma.c.obj
                0x0800496c                HAL_DMA_Start_IT
 .text.HAL_DMA_Abort
                0x080049d6       0x94 CMakeFiles/MASTER_RR.elf.dir/Drivers/STM32F4xx_HAL_Driver/Src/stm32f4xx_hal_dma.c.obj
                0x080049d6                HAL_DMA_Abort
 .text.HAL_DMA_Abort_IT
                0x08004a6a       0x26 CMakeFiles/MASTER_RR.elf.dir/Drivers/STM32F4xx_HAL_Driver/Src/stm32f4xx_hal_dma.c.obj
                0x08004a6a                HAL_DMA_Abort_IT
 .text.HAL_DMA_IRQHandler
                0x08004a90      0x1dc CMakeFiles/MASTER_RR.elf.dir/Drivers/STM32F4xx_HAL_Driver/Src/stm32f4xx_hal_dma.c.obj
                0x08004a90                HAL_DMA_IRQHandler
 .text.HAL_GPIO_Init
                0x08004c6c      0x1e4 CMakeFiles/MASTER_RR.elf.dir/Drivers/STM32F4xx_HAL_Driver/Src/stm32f4xx_hal_gpio.c.obj
                0x08004c6c                HAL_GPIO_Init
 .text.HAL_GPIO_WritePin
                0x08004e50        0xc CMakeFiles/MASTER_RR.elf.dir/Drivers/STM32F4xx_HAL_Driver/Src/stm32f4xx_hal_gpio.c.obj
                0x08004e50                HAL_GPIO_WritePin
 .text.HAL_GPIO_TogglePin
                0x08004e5c       0x12 CMakeFiles/MASTER_RR.elf.dir/Drivers/STM32F4xx_HAL_Driver/Src/stm32f4xx_hal_gpio.c.obj
                0x08004e5c                HAL_GPIO_TogglePin
 *fill*         0x08004e6e        0x2 
 .text.HAL_RCC_OscConfig
                0x08004e70      0x3f8 CMakeFiles/MASTER_RR.elf.dir/Drivers/STM32F4xx_HAL_Driver/Src/stm32f4xx_hal_rcc.c.obj
                0x08004e70                HAL_RCC_OscConfig
 .text.HAL_RCC_GetSysClockFreq
                0x08005268       0xd4 CMakeFiles/MASTER_RR.elf.dir/Drivers/STM32F4xx_HAL_Driver/Src/stm32f4xx_hal_rcc.c.obj
                0x08005268                HAL_RCC_GetSysClockFreq
 .text.HAL_RCC_ClockConfig
                0x0800533c      0x160 CMakeFiles/MASTER_RR.elf.dir/Drivers/STM32F4xx_HAL_Driver/Src/stm32f4xx_hal_rcc.c.obj
                0x0800533c                HAL_RCC_ClockConfig
 .text.HAL_RCC_GetHCLKFreq
                0x0800549c        0xc CMakeFiles/MASTER_RR.elf.dir/Drivers/STM32F4xx_HAL_Driver/Src/stm32f4xx_hal_rcc.c.obj
                0x0800549c                HAL_RCC_GetHCLKFreq
 .text.HAL_RCC_GetPCLK1Freq
                0x080054a8       0x20 CMakeFiles/MASTER_RR.elf.dir/Drivers/STM32F4xx_HAL_Driver/Src/stm32f4xx_hal_rcc.c.obj
                0x080054a8                HAL_RCC_GetPCLK1Freq
 .text.HAL_RCC_GetPCLK2Freq
                0x080054c8       0x20 CMakeFiles/MASTER_RR.elf.dir/Drivers/STM32F4xx_HAL_Driver/Src/stm32f4xx_hal_rcc.c.obj
                0x080054c8                HAL_RCC_GetPCLK2Freq
 .text.HAL_RCC_GetClockConfig
                0x080054e8       0x3c CMakeFiles/MASTER_RR.elf.dir/Drivers/STM32F4xx_HAL_Driver/Src/stm32f4xx_hal_rcc.c.obj
                0x080054e8                HAL_RCC_GetClockConfig
 .text.SPI_WaitFlagStateUntilTimeout
                0x08005524       0xd4 CMakeFiles/MASTER_RR.elf.dir/Drivers/STM32F4xx_HAL_Driver/Src/stm32f4xx_hal_spi.c.obj
 .text.SPI_EndRxTxTransaction
                0x080055f8       0x68 CMakeFiles/MASTER_RR.elf.dir/Drivers/STM32F4xx_HAL_Driver/Src/stm32f4xx_hal_spi.c.obj
 .text.HAL_SPI_Init
                0x08005660       0xbe CMakeFiles/MASTER_RR.elf.dir/Drivers/STM32F4xx_HAL_Driver/Src/stm32f4xx_hal_spi.c.obj
                0x08005660                HAL_SPI_Init
 .text.HAL_SPI_TransmitReceive
                0x0800571e      0x238 CMakeFiles/MASTER_RR.elf.dir/Drivers/STM32F4xx_HAL_Driver/Src/stm32f4xx_hal_spi.c.obj
                0x0800571e                HAL_SPI_TransmitReceive
 *fill*         0x08005956        0x2 
 .text.TIM_OC1_SetConfig
                0x08005958       0x68 CMakeFiles/MASTER_RR.elf.dir/Drivers/STM32F4xx_HAL_Driver/Src/stm32f4xx_hal_tim.c.obj
 .text.TIM_OC3_SetConfig
                0x080059c0       0x70 CMakeFiles/MASTER_RR.elf.dir/Drivers/STM32F4xx_HAL_Driver/Src/stm32f4xx_hal_tim.c.obj
 .text.TIM_OC4_SetConfig
                0x08005a30       0x50 CMakeFiles/MASTER_RR.elf.dir/Drivers/STM32F4xx_HAL_Driver/Src/stm32f4xx_hal_tim.c.obj
 .text.TIM_TI1_ConfigInputStage
                0x08005a80       0x26 CMakeFiles/MASTER_RR.elf.dir/Drivers/STM32F4xx_HAL_Driver/Src/stm32f4xx_hal_tim.c.obj
 .text.TIM_TI2_ConfigInputStage
                0x08005aa6       0x28 CMakeFiles/MASTER_RR.elf.dir/Drivers/STM32F4xx_HAL_Driver/Src/stm32f4xx_hal_tim.c.obj
 .text.TIM_ITRx_SetConfig
                0x08005ace       0x10 CMakeFiles/MASTER_RR.elf.dir/Drivers/STM32F4xx_HAL_Driver/Src/stm32f4xx_hal_tim.c.obj
 *fill*         0x08005ade        0x2 
 .text.HAL_TIM_Base_Start_IT
                0x08005ae0       0x88 CMakeFiles/MASTER_RR.elf.dir/Drivers/STM32F4xx_HAL_Driver/Src/stm32f4xx_hal_tim.c.obj
                0x08005ae0                HAL_TIM_Base_Start_IT
 .text.HAL_TIM_PWM_MspInit
                0x08005b68        0x2 CMakeFiles/MASTER_RR.elf.dir/Drivers/STM32F4xx_HAL_Driver/Src/stm32f4xx_hal_tim.c.obj
                0x08005b68                HAL_TIM_PWM_MspInit
 .text.HAL_TIM_OC_DelayElapsedCallback
                0x08005b6a        0x2 CMakeFiles/MASTER_RR.elf.dir/Drivers/STM32F4xx_HAL_Driver/Src/stm32f4xx_hal_tim.c.obj
                0x08005b6a                HAL_TIM_OC_DelayElapsedCallback
 .text.HAL_TIM_IC_CaptureCallback
                0x08005b6c        0x2 CMakeFiles/MASTER_RR.elf.dir/Drivers/STM32F4xx_HAL_Driver/Src/stm32f4xx_hal_tim.c.obj
                0x08005b6c                HAL_TIM_IC_CaptureCallback
 .text.HAL_TIM_PWM_PulseFinishedCallback
                0x08005b6e        0x2 CMakeFiles/MASTER_RR.elf.dir/Drivers/STM32F4xx_HAL_Driver/Src/stm32f4xx_hal_tim.c.obj
                0x08005b6e                HAL_TIM_PWM_PulseFinishedCallback
 .text.HAL_TIM_TriggerCallback
                0x08005b70        0x2 CMakeFiles/MASTER_RR.elf.dir/Drivers/STM32F4xx_HAL_Driver/Src/stm32f4xx_hal_tim.c.obj
                0x08005b70                HAL_TIM_TriggerCallback
 .text.HAL_TIM_IRQHandler
                0x08005b72      0x17a CMakeFiles/MASTER_RR.elf.dir/Drivers/STM32F4xx_HAL_Driver/Src/stm32f4xx_hal_tim.c.obj
                0x08005b72                HAL_TIM_IRQHandler
 .text.TIM_Base_SetConfig
                0x08005cec       0xc8 CMakeFiles/MASTER_RR.elf.dir/Drivers/STM32F4xx_HAL_Driver/Src/stm32f4xx_hal_tim.c.obj
                0x08005cec                TIM_Base_SetConfig
 .text.HAL_TIM_Base_Init
                0x08005db4       0x58 CMakeFiles/MASTER_RR.elf.dir/Drivers/STM32F4xx_HAL_Driver/Src/stm32f4xx_hal_tim.c.obj
                0x08005db4                HAL_TIM_Base_Init
 .text.HAL_TIM_PWM_Init
                0x08005e0c       0x58 CMakeFiles/MASTER_RR.elf.dir/Drivers/STM32F4xx_HAL_Driver/Src/stm32f4xx_hal_tim.c.obj
                0x08005e0c                HAL_TIM_PWM_Init
 .text.TIM_OC2_SetConfig
                0x08005e64       0x70 CMakeFiles/MASTER_RR.elf.dir/Drivers/STM32F4xx_HAL_Driver/Src/stm32f4xx_hal_tim.c.obj
                0x08005e64                TIM_OC2_SetConfig
 .text.HAL_TIM_PWM_ConfigChannel
                0x08005ed4       0xdc CMakeFiles/MASTER_RR.elf.dir/Drivers/STM32F4xx_HAL_Driver/Src/stm32f4xx_hal_tim.c.obj
                0x08005ed4                HAL_TIM_PWM_ConfigChannel
 .text.TIM_ETR_SetConfig
                0x08005fb0       0x1a CMakeFiles/MASTER_RR.elf.dir/Drivers/STM32F4xx_HAL_Driver/Src/stm32f4xx_hal_tim.c.obj
                0x08005fb0                TIM_ETR_SetConfig
 .text.HAL_TIM_ConfigClockSource
                0x08005fca       0xfe CMakeFiles/MASTER_RR.elf.dir/Drivers/STM32F4xx_HAL_Driver/Src/stm32f4xx_hal_tim.c.obj
                0x08005fca                HAL_TIM_ConfigClockSource
 .text.TIM_CCxChannelCmd
                0x080060c8       0x1e CMakeFiles/MASTER_RR.elf.dir/Drivers/STM32F4xx_HAL_Driver/Src/stm32f4xx_hal_tim.c.obj
                0x080060c8                TIM_CCxChannelCmd
 *fill*         0x080060e6        0x2 
 .text.HAL_TIM_PWM_Start
                0x080060e8      0x104 CMakeFiles/MASTER_RR.elf.dir/Drivers/STM32F4xx_HAL_Driver/Src/stm32f4xx_hal_tim.c.obj
                0x080060e8                HAL_TIM_PWM_Start
 .text.HAL_TIMEx_MasterConfigSynchronization
                0x080061ec       0x8c CMakeFiles/MASTER_RR.elf.dir/Drivers/STM32F4xx_HAL_Driver/Src/stm32f4xx_hal_tim_ex.c.obj
                0x080061ec                HAL_TIMEx_MasterConfigSynchronization
 .text.HAL_TIMEx_CommutCallback
                0x08006278        0x2 CMakeFiles/MASTER_RR.elf.dir/Drivers/STM32F4xx_HAL_Driver/Src/stm32f4xx_hal_tim_ex.c.obj
                0x08006278                HAL_TIMEx_CommutCallback
 .text.HAL_TIMEx_BreakCallback
                0x0800627a        0x2 CMakeFiles/MASTER_RR.elf.dir/Drivers/STM32F4xx_HAL_Driver/Src/stm32f4xx_hal_tim_ex.c.obj
                0x0800627a                HAL_TIMEx_BreakCallback
 .text.UART_EndTxTransfer
                0x0800627c       0x20 CMakeFiles/MASTER_RR.elf.dir/Drivers/STM32F4xx_HAL_Driver/Src/stm32f4xx_hal_uart.c.obj
 .text.UART_EndRxTransfer
                0x0800629c       0x5c CMakeFiles/MASTER_RR.elf.dir/Drivers/STM32F4xx_HAL_Driver/Src/stm32f4xx_hal_uart.c.obj
 .text.UART_Transmit_IT
                0x080062f8       0x60 CMakeFiles/MASTER_RR.elf.dir/Drivers/STM32F4xx_HAL_Driver/Src/stm32f4xx_hal_uart.c.obj
 .text.UART_SetConfig
                0x08006358      0x110 CMakeFiles/MASTER_RR.elf.dir/Drivers/STM32F4xx_HAL_Driver/Src/stm32f4xx_hal_uart.c.obj
 .text.HAL_UART_Init
                0x08006468       0x5e CMakeFiles/MASTER_RR.elf.dir/Drivers/STM32F4xx_HAL_Driver/Src/stm32f4xx_hal_uart.c.obj
                0x08006468                HAL_UART_Init
 *fill*         0x080064c6        0x2 
 .text.HAL_UART_Transmit_DMA
                0x080064c8       0x9c CMakeFiles/MASTER_RR.elf.dir/Drivers/STM32F4xx_HAL_Driver/Src/stm32f4xx_hal_uart.c.obj
                0x080064c8                HAL_UART_Transmit_DMA
 .text.HAL_UART_DMAStop
                0x08006564       0x84 CMakeFiles/MASTER_RR.elf.dir/Drivers/STM32F4xx_HAL_Driver/Src/stm32f4xx_hal_uart.c.obj
                0x08006564                HAL_UART_DMAStop
 .text.HAL_UART_TxCpltCallback
                0x080065e8        0x2 CMakeFiles/MASTER_RR.elf.dir/Drivers/STM32F4xx_HAL_Driver/Src/stm32f4xx_hal_uart.c.obj
                0x080065e8                HAL_UART_TxCpltCallback
 .text.UART_DMATransmitCplt
                0x080065ea       0x4c CMakeFiles/MASTER_RR.elf.dir/Drivers/STM32F4xx_HAL_Driver/Src/stm32f4xx_hal_uart.c.obj
 .text.UART_EndTransmit_IT
                0x08006636       0x1a CMakeFiles/MASTER_RR.elf.dir/Drivers/STM32F4xx_HAL_Driver/Src/stm32f4xx_hal_uart.c.obj
 .text.HAL_UART_TxHalfCpltCallback
                0x08006650        0x2 CMakeFiles/MASTER_RR.elf.dir/Drivers/STM32F4xx_HAL_Driver/Src/stm32f4xx_hal_uart.c.obj
                0x08006650                HAL_UART_TxHalfCpltCallback
 .text.UART_DMATxHalfCplt
                0x08006652        0xa CMakeFiles/MASTER_RR.elf.dir/Drivers/STM32F4xx_HAL_Driver/Src/stm32f4xx_hal_uart.c.obj
 .text.HAL_UART_RxHalfCpltCallback
                0x0800665c        0x2 CMakeFiles/MASTER_RR.elf.dir/Drivers/STM32F4xx_HAL_Driver/Src/stm32f4xx_hal_uart.c.obj
                0x0800665c                HAL_UART_RxHalfCpltCallback
 .text.HAL_UART_ErrorCallback
                0x0800665e        0x2 CMakeFiles/MASTER_RR.elf.dir/Drivers/STM32F4xx_HAL_Driver/Src/stm32f4xx_hal_uart.c.obj
                0x0800665e                HAL_UART_ErrorCallback
 .text.UART_DMAError
                0x08006660       0x58 CMakeFiles/MASTER_RR.elf.dir/Drivers/STM32F4xx_HAL_Driver/Src/stm32f4xx_hal_uart.c.obj
 .text.UART_DMAAbortOnError
                0x080066b8       0x10 CMakeFiles/MASTER_RR.elf.dir/Drivers/STM32F4xx_HAL_Driver/Src/stm32f4xx_hal_uart.c.obj
 .text.HAL_UARTEx_RxEventCallback
                0x080066c8        0x2 CMakeFiles/MASTER_RR.elf.dir/Drivers/STM32F4xx_HAL_Driver/Src/stm32f4xx_hal_uart.c.obj
                0x080066c8                HAL_UARTEx_RxEventCallback
 .text.UART_Receive_IT
                0x080066ca       0xe2 CMakeFiles/MASTER_RR.elf.dir/Drivers/STM32F4xx_HAL_Driver/Src/stm32f4xx_hal_uart.c.obj
 .text.HAL_UART_IRQHandler
                0x080067ac      0x280 CMakeFiles/MASTER_RR.elf.dir/Drivers/STM32F4xx_HAL_Driver/Src/stm32f4xx_hal_uart.c.obj
                0x080067ac                HAL_UART_IRQHandler
 .text.UART_DMARxHalfCplt
                0x08006a2c       0x1a CMakeFiles/MASTER_RR.elf.dir/Drivers/STM32F4xx_HAL_Driver/Src/stm32f4xx_hal_uart.c.obj
 .text.UART_DMAReceiveCplt
                0x08006a46       0x96 CMakeFiles/MASTER_RR.elf.dir/Drivers/STM32F4xx_HAL_Driver/Src/stm32f4xx_hal_uart.c.obj
 .text.UART_Start_Receive_DMA
                0x08006adc       0xa8 CMakeFiles/MASTER_RR.elf.dir/Drivers/STM32F4xx_HAL_Driver/Src/stm32f4xx_hal_uart.c.obj
                0x08006adc                UART_Start_Receive_DMA
 .text.HAL_UART_Receive_DMA
                0x08006b84       0x38 CMakeFiles/MASTER_RR.elf.dir/Drivers/STM32F4xx_HAL_Driver/Src/stm32f4xx_hal_uart.c.obj
                0x08006b84                HAL_UART_Receive_DMA
 .text.makeFreeRtosPriority
                0x08006bbc        0xc CMakeFiles/MASTER_RR.elf.dir/Middlewares/Third_Party/FreeRTOS/Source/CMSIS_RTOS/cmsis_os.c.obj
 .text.osKernelStart
                0x08006bc8        0xa CMakeFiles/MASTER_RR.elf.dir/Middlewares/Third_Party/FreeRTOS/Source/CMSIS_RTOS/cmsis_os.c.obj
                0x08006bc8                osKernelStart
 .text.osThreadCreate
                0x08006bd2       0x6a CMakeFiles/MASTER_RR.elf.dir/Middlewares/Third_Party/FreeRTOS/Source/CMSIS_RTOS/cmsis_os.c.obj
                0x08006bd2                osThreadCreate
 .text.osDelay  0x08006c3c        0xe CMakeFiles/MASTER_RR.elf.dir/Middlewares/Third_Party/FreeRTOS/Source/CMSIS_RTOS/cmsis_os.c.obj
                0x08006c3c                osDelay
 .text.osMessageCreate
                0x08006c4a       0x2a CMakeFiles/MASTER_RR.elf.dir/Middlewares/Third_Party/FreeRTOS/Source/CMSIS_RTOS/cmsis_os.c.obj
                0x08006c4a                osMessageCreate
 .text.vListInitialise
                0x08006c74       0x16 CMakeFiles/MASTER_RR.elf.dir/Middlewares/Third_Party/FreeRTOS/Source/list.c.obj
                0x08006c74                vListInitialise
 .text.vListInitialiseItem
                0x08006c8a        0x6 CMakeFiles/MASTER_RR.elf.dir/Middlewares/Third_Party/FreeRTOS/Source/list.c.obj
                0x08006c8a                vListInitialiseItem
 .text.vListInsertEnd
                0x08006c90       0x16 CMakeFiles/MASTER_RR.elf.dir/Middlewares/Third_Party/FreeRTOS/Source/list.c.obj
                0x08006c90                vListInsertEnd
 .text.vListInsert
                0x08006ca6       0x32 CMakeFiles/MASTER_RR.elf.dir/Middlewares/Third_Party/FreeRTOS/Source/list.c.obj
                0x08006ca6                vListInsert
 .text.uxListRemove
                0x08006cd8       0x26 CMakeFiles/MASTER_RR.elf.dir/Middlewares/Third_Party/FreeRTOS/Source/list.c.obj
                0x08006cd8                uxListRemove
 *fill*         0x08006cfe        0x2 
 .text.prvTaskExitError
                0x08006d00       0x40 CMakeFiles/MASTER_RR.elf.dir/Middlewares/Third_Party/FreeRTOS/Source/portable/GCC/ARM_CM4F/port.c.obj
 .text.prvPortStartFirstTask
                0x08006d40       0x28 CMakeFiles/MASTER_RR.elf.dir/Middlewares/Third_Party/FreeRTOS/Source/portable/GCC/ARM_CM4F/port.c.obj
 .text.vPortEnableVFP
                0x08006d68       0x14 CMakeFiles/MASTER_RR.elf.dir/Middlewares/Third_Party/FreeRTOS/Source/portable/GCC/ARM_CM4F/port.c.obj
 .text.pxPortInitialiseStack
                0x08006d7c       0x2c CMakeFiles/MASTER_RR.elf.dir/Middlewares/Third_Party/FreeRTOS/Source/portable/GCC/ARM_CM4F/port.c.obj
                0x08006d7c                pxPortInitialiseStack
 *fill*         0x08006da8        0x8 
 .text.SVC_Handler
                0x08006db0       0x24 CMakeFiles/MASTER_RR.elf.dir/Middlewares/Third_Party/FreeRTOS/Source/portable/GCC/ARM_CM4F/port.c.obj
                0x08006db0                SVC_Handler
 .text.vPortEnterCritical
                0x08006dd4       0x44 CMakeFiles/MASTER_RR.elf.dir/Middlewares/Third_Party/FreeRTOS/Source/portable/GCC/ARM_CM4F/port.c.obj
                0x08006dd4                vPortEnterCritical
 .text.vPortExitCritical
                0x08006e18       0x2c CMakeFiles/MASTER_RR.elf.dir/Middlewares/Third_Party/FreeRTOS/Source/portable/GCC/ARM_CM4F/port.c.obj
                0x08006e18                vPortExitCritical
 *fill*         0x08006e44        0xc 
 .text.PendSV_Handler
                0x08006e50       0x64 CMakeFiles/MASTER_RR.elf.dir/Middlewares/Third_Party/FreeRTOS/Source/portable/GCC/ARM_CM4F/port.c.obj
                0x08006e50                PendSV_Handler
 .text.SysTick_Handler
                0x08006eb4       0x2c CMakeFiles/MASTER_RR.elf.dir/Middlewares/Third_Party/FreeRTOS/Source/portable/GCC/ARM_CM4F/port.c.obj
                0x08006eb4                SysTick_Handler
 .text.vPortSetupTimerInterrupt
                0x08006ee0       0x28 CMakeFiles/MASTER_RR.elf.dir/Middlewares/Third_Party/FreeRTOS/Source/portable/GCC/ARM_CM4F/port.c.obj
                0x08006ee0                vPortSetupTimerInterrupt
 .text.xPortStartScheduler
                0x08006f08      0x118 CMakeFiles/MASTER_RR.elf.dir/Middlewares/Third_Party/FreeRTOS/Source/portable/GCC/ARM_CM4F/port.c.obj
                0x08006f08                xPortStartScheduler
 .text.vPortValidateInterruptPriority
                0x08007020       0x5c CMakeFiles/MASTER_RR.elf.dir/Middlewares/Third_Party/FreeRTOS/Source/portable/GCC/ARM_CM4F/port.c.obj
                0x08007020                vPortValidateInterruptPriority
 .text.prvHeapInit
                0x0800707c       0x68 CMakeFiles/MASTER_RR.elf.dir/Middlewares/Third_Party/FreeRTOS/Source/portable/MemMang/heap_4.c.obj
 .text.prvInsertBlockIntoFreeList
                0x080070e4       0x64 CMakeFiles/MASTER_RR.elf.dir/Middlewares/Third_Party/FreeRTOS/Source/portable/MemMang/heap_4.c.obj
 .text.pvPortMalloc
                0x08007148       0xfc CMakeFiles/MASTER_RR.elf.dir/Middlewares/Third_Party/FreeRTOS/Source/portable/MemMang/heap_4.c.obj
                0x08007148                pvPortMalloc
 .text.vPortFree
                0x08007244       0x7c CMakeFiles/MASTER_RR.elf.dir/Middlewares/Third_Party/FreeRTOS/Source/portable/MemMang/heap_4.c.obj
                0x08007244                vPortFree
 .text.prvIsQueueFull
                0x080072c0       0x1e CMakeFiles/MASTER_RR.elf.dir/Middlewares/Third_Party/FreeRTOS/Source/queue.c.obj
 .text.prvCopyDataToQueue
                0x080072de       0x76 CMakeFiles/MASTER_RR.elf.dir/Middlewares/Third_Party/FreeRTOS/Source/queue.c.obj
 .text.prvUnlockQueue
                0x08007354       0x6e CMakeFiles/MASTER_RR.elf.dir/Middlewares/Third_Party/FreeRTOS/Source/queue.c.obj
 .text.xQueueGenericReset
                0x080073c2       0x84 CMakeFiles/MASTER_RR.elf.dir/Middlewares/Third_Party/FreeRTOS/Source/queue.c.obj
                0x080073c2                xQueueGenericReset
 .text.prvInitialiseNewQueue
                0x08007446       0x1c CMakeFiles/MASTER_RR.elf.dir/Middlewares/Third_Party/FreeRTOS/Source/queue.c.obj
 .text.xQueueGenericCreateStatic
                0x08007462       0x94 CMakeFiles/MASTER_RR.elf.dir/Middlewares/Third_Party/FreeRTOS/Source/queue.c.obj
                0x08007462                xQueueGenericCreateStatic
 .text.xQueueGenericCreate
                0x080074f6       0x48 CMakeFiles/MASTER_RR.elf.dir/Middlewares/Third_Party/FreeRTOS/Source/queue.c.obj
                0x080074f6                xQueueGenericCreate
 .text.xQueueGenericSend
                0x0800753e      0x188 CMakeFiles/MASTER_RR.elf.dir/Middlewares/Third_Party/FreeRTOS/Source/queue.c.obj
                0x0800753e                xQueueGenericSend
 .text.xQueueGenericSendFromISR
                0x080076c6       0xce CMakeFiles/MASTER_RR.elf.dir/Middlewares/Third_Party/FreeRTOS/Source/queue.c.obj
                0x080076c6                xQueueGenericSendFromISR
 .text.prvTaskIsTaskSuspended
                0x08007794       0x40 CMakeFiles/MASTER_RR.elf.dir/Middlewares/Third_Party/FreeRTOS/Source/tasks.c.obj
 .text.prvResetNextTaskUnblockTime
                0x080077d4       0x2c CMakeFiles/MASTER_RR.elf.dir/Middlewares/Third_Party/FreeRTOS/Source/tasks.c.obj
 .text.prvInitialiseNewTask
                0x08007800       0xa2 CMakeFiles/MASTER_RR.elf.dir/Middlewares/Third_Party/FreeRTOS/Source/tasks.c.obj
 *fill*         0x080078a2        0x2 
 .text.prvInitialiseTaskLists
                0x080078a4       0x68 CMakeFiles/MASTER_RR.elf.dir/Middlewares/Third_Party/FreeRTOS/Source/tasks.c.obj
 .text.prvAddNewTaskToReadyList
                0x0800790c       0xa8 CMakeFiles/MASTER_RR.elf.dir/Middlewares/Third_Party/FreeRTOS/Source/tasks.c.obj
 .text.prvDeleteTCB
                0x080079b4       0x38 CMakeFiles/MASTER_RR.elf.dir/Middlewares/Third_Party/FreeRTOS/Source/tasks.c.obj
 .text.prvCheckTasksWaitingTermination
                0x080079ec       0x4c CMakeFiles/MASTER_RR.elf.dir/Middlewares/Third_Party/FreeRTOS/Source/tasks.c.obj
 .text.prvIdleTask
                0x08007a38       0x28 CMakeFiles/MASTER_RR.elf.dir/Middlewares/Third_Party/FreeRTOS/Source/tasks.c.obj
 .text.prvAddCurrentTaskToDelayedList
                0x08007a60       0x98 CMakeFiles/MASTER_RR.elf.dir/Middlewares/Third_Party/FreeRTOS/Source/tasks.c.obj
 .text.xTaskCreateStatic
                0x08007af8       0x76 CMakeFiles/MASTER_RR.elf.dir/Middlewares/Third_Party/FreeRTOS/Source/tasks.c.obj
                0x08007af8                xTaskCreateStatic
 .text.xTaskCreate
                0x08007b6e       0x68 CMakeFiles/MASTER_RR.elf.dir/Middlewares/Third_Party/FreeRTOS/Source/tasks.c.obj
                0x08007b6e                xTaskCreate
 *fill*         0x08007bd6        0x2 
 .text.vTaskResume
                0x08007bd8       0x88 CMakeFiles/MASTER_RR.elf.dir/Middlewares/Third_Party/FreeRTOS/Source/tasks.c.obj
                0x08007bd8                vTaskResume
 .text.vTaskStartScheduler
                0x08007c60       0x74 CMakeFiles/MASTER_RR.elf.dir/Middlewares/Third_Party/FreeRTOS/Source/tasks.c.obj
                0x08007c60                vTaskStartScheduler
 .text.vTaskSuspendAll
                0x08007cd4       0x10 CMakeFiles/MASTER_RR.elf.dir/Middlewares/Third_Party/FreeRTOS/Source/tasks.c.obj
                0x08007cd4                vTaskSuspendAll
 .text.xTaskIncrementTick
                0x08007ce4      0x118 CMakeFiles/MASTER_RR.elf.dir/Middlewares/Third_Party/FreeRTOS/Source/tasks.c.obj
                0x08007ce4                xTaskIncrementTick
 .text.xTaskResumeAll
                0x08007dfc       0xf8 CMakeFiles/MASTER_RR.elf.dir/Middlewares/Third_Party/FreeRTOS/Source/tasks.c.obj
                0x08007dfc                xTaskResumeAll
 .text.vTaskDelay
                0x08007ef4       0x4c CMakeFiles/MASTER_RR.elf.dir/Middlewares/Third_Party/FreeRTOS/Source/tasks.c.obj
                0x08007ef4                vTaskDelay
 .text.vTaskSwitchContext
                0x08007f40       0x98 CMakeFiles/MASTER_RR.elf.dir/Middlewares/Third_Party/FreeRTOS/Source/tasks.c.obj
                0x08007f40                vTaskSwitchContext
 .text.vTaskSuspend
                0x08007fd8       0xe8 CMakeFiles/MASTER_RR.elf.dir/Middlewares/Third_Party/FreeRTOS/Source/tasks.c.obj
                0x08007fd8                vTaskSuspend
 .text.vTaskPlaceOnEventList
                0x080080c0       0x30 CMakeFiles/MASTER_RR.elf.dir/Middlewares/Third_Party/FreeRTOS/Source/tasks.c.obj
                0x080080c0                vTaskPlaceOnEventList
 .text.xTaskRemoveFromEventList
                0x080080f0       0x8c CMakeFiles/MASTER_RR.elf.dir/Middlewares/Third_Party/FreeRTOS/Source/tasks.c.obj
                0x080080f0                xTaskRemoveFromEventList
 .text.vTaskInternalSetTimeOutState
                0x0800817c       0x18 CMakeFiles/MASTER_RR.elf.dir/Middlewares/Third_Party/FreeRTOS/Source/tasks.c.obj
                0x0800817c                vTaskInternalSetTimeOutState
 .text.xTaskCheckForTimeOut
                0x08008194       0x84 CMakeFiles/MASTER_RR.elf.dir/Middlewares/Third_Party/FreeRTOS/Source/tasks.c.obj
                0x08008194                xTaskCheckForTimeOut
 .text.vTaskMissedYield
                0x08008218        0xc CMakeFiles/MASTER_RR.elf.dir/Middlewares/Third_Party/FreeRTOS/Source/tasks.c.obj
                0x08008218                vTaskMissedYield
 .text.xTaskGetSchedulerState
                0x08008224       0x20 CMakeFiles/MASTER_RR.elf.dir/Middlewares/Third_Party/FreeRTOS/Source/tasks.c.obj
                0x08008224                xTaskGetSchedulerState
 .text.xTaskPriorityDisinherit
                0x08008244       0xb4 CMakeFiles/MASTER_RR.elf.dir/Middlewares/Third_Party/FreeRTOS/Source/tasks.c.obj
                0x08008244                xTaskPriorityDisinherit
 .text.arm_sin_f32
                0x080082f8       0x8c C:\Users\1\Desktop\car\Master-car\Middlewares\ST\ARM\DSP\Lib\libarm_cortexM4lf_math.a(arm_sin_f32.o)
                0x080082f8                arm_sin_f32
 .text.arm_cos_f32
                0x08008384       0x94 C:\Users\1\Desktop\car\Master-car\Middlewares\ST\ARM\DSP\Lib\libarm_cortexM4lf_math.a(arm_cos_f32.o)
                0x08008384                arm_cos_f32
 .text.__errno  0x08008418        0xc d:/gcc-arm-none-eabi-10.3-2021.10/bin/../lib/gcc/arm-none-eabi/10.3.1/../../../../arm-none-eabi/lib/thumb/v7e-m+fp/hard\libg.a(lib_a-errno.o)
                0x08008418                __errno
 .text.__libc_init_array
                0x08008424       0x48 d:/gcc-arm-none-eabi-10.3-2021.10/bin/../lib/gcc/arm-none-eabi/10.3.1/../../../../arm-none-eabi/lib/thumb/v7e-m+fp/hard\libg.a(lib_a-init.o)
                0x08008424                __libc_init_array
 .text.memset   0x0800846c       0xa4 d:/gcc-arm-none-eabi-10.3-2021.10/bin/../lib/gcc/arm-none-eabi/10.3.1/../../../../arm-none-eabi/lib/thumb/v7e-m+fp/hard\libg.a(lib_a-memset.o)
                0x0800846c                memset
 .text.vsnprintf
                0x08008510       0x70 d:/gcc-arm-none-eabi-10.3-2021.10/bin/../lib/gcc/arm-none-eabi/10.3.1/../../../../arm-none-eabi/lib/thumb/v7e-m+fp/hard\libg.a(lib_a-vsnprintf.o)
                0x08008510                vsnprintf
 .text.startup.register_fini
                0x08008580       0x14 d:/gcc-arm-none-eabi-10.3-2021.10/bin/../lib/gcc/arm-none-eabi/10.3.1/../../../../arm-none-eabi/lib/thumb/v7e-m+fp/hard\libg.a(lib_a-__call_atexit.o)
 .text.atexit   0x08008594        0xc d:/gcc-arm-none-eabi-10.3-2021.10/bin/../lib/gcc/arm-none-eabi/10.3.1/../../../../arm-none-eabi/lib/thumb/v7e-m+fp/hard\libg.a(lib_a-atexit.o)
                0x08008594                atexit
 .text.__libc_fini_array
                0x080085a0       0x2c d:/gcc-arm-none-eabi-10.3-2021.10/bin/../lib/gcc/arm-none-eabi/10.3.1/../../../../arm-none-eabi/lib/thumb/v7e-m+fp/hard\libg.a(lib_a-fini.o)
                0x080085a0                __libc_fini_array
 .text.__retarget_lock_init_recursive
                0x080085cc        0x4 d:/gcc-arm-none-eabi-10.3-2021.10/bin/../lib/gcc/arm-none-eabi/10.3.1/../../../../arm-none-eabi/lib/thumb/v7e-m+fp/hard\libg.a(lib_a-lock.o)
                0x080085cc                __retarget_lock_init_recursive
 .text.__retarget_lock_close_recursive
                0x080085d0        0x4 d:/gcc-arm-none-eabi-10.3-2021.10/bin/../lib/gcc/arm-none-eabi/10.3.1/../../../../arm-none-eabi/lib/thumb/v7e-m+fp/hard\libg.a(lib_a-lock.o)
                0x080085d0                __retarget_lock_close_recursive
 .text.__retarget_lock_acquire_recursive
                0x080085d4        0x4 d:/gcc-arm-none-eabi-10.3-2021.10/bin/../lib/gcc/arm-none-eabi/10.3.1/../../../../arm-none-eabi/lib/thumb/v7e-m+fp/hard\libg.a(lib_a-lock.o)
                0x080085d4                __retarget_lock_acquire_recursive
 .text.__retarget_lock_release_recursive
                0x080085d8        0x4 d:/gcc-arm-none-eabi-10.3-2021.10/bin/../lib/gcc/arm-none-eabi/10.3.1/../../../../arm-none-eabi/lib/thumb/v7e-m+fp/hard\libg.a(lib_a-lock.o)
                0x080085d8                __retarget_lock_release_recursive
 *fill*         0x080085dc        0x4 
 .text._svfprintf_r
                0x080085e0     0x1acc d:/gcc-arm-none-eabi-10.3-2021.10/bin/../lib/gcc/arm-none-eabi/10.3.1/../../../../arm-none-eabi/lib/thumb/v7e-m+fp/hard\libg.a(lib_a-svfprintf.o)
                0x080085e0                _svfprintf_r
 .text.__register_exitproc
                0x0800a0ac       0x8c d:/gcc-arm-none-eabi-10.3-2021.10/bin/../lib/gcc/arm-none-eabi/10.3.1/../../../../arm-none-eabi/lib/thumb/v7e-m+fp/hard\libg.a(lib_a-__atexit.o)
                0x0800a0ac                __register_exitproc
 .text.quorem   0x0800a138      0x128 d:/gcc-arm-none-eabi-10.3-2021.10/bin/../lib/gcc/arm-none-eabi/10.3.1/../../../../arm-none-eabi/lib/thumb/v7e-m+fp/hard\libg.a(lib_a-dtoa.o)
 .text._dtoa_r  0x0800a260      0xf3c d:/gcc-arm-none-eabi-10.3-2021.10/bin/../lib/gcc/arm-none-eabi/10.3.1/../../../../arm-none-eabi/lib/thumb/v7e-m+fp/hard\libg.a(lib_a-dtoa.o)
                0x0800a260                _dtoa_r
 .text._malloc_trim_r
                0x0800b19c       0xa0 d:/gcc-arm-none-eabi-10.3-2021.10/bin/../lib/gcc/arm-none-eabi/10.3.1/../../../../arm-none-eabi/lib/thumb/v7e-m+fp/hard\libg.a(lib_a-freer.o)
                0x0800b19c                _malloc_trim_r
 .text._free_r  0x0800b23c      0x20c d:/gcc-arm-none-eabi-10.3-2021.10/bin/../lib/gcc/arm-none-eabi/10.3.1/../../../../arm-none-eabi/lib/thumb/v7e-m+fp/hard\libg.a(lib_a-freer.o)
                0x0800b23c                _free_r
 .text._localeconv_r
                0x0800b448        0x8 d:/gcc-arm-none-eabi-10.3-2021.10/bin/../lib/gcc/arm-none-eabi/10.3.1/../../../../arm-none-eabi/lib/thumb/v7e-m+fp/hard\libg.a(lib_a-localeconv.o)
                0x0800b448                _localeconv_r
 .text._malloc_r
                0x0800b450      0x560 d:/gcc-arm-none-eabi-10.3-2021.10/bin/../lib/gcc/arm-none-eabi/10.3.1/../../../../arm-none-eabi/lib/thumb/v7e-m+fp/hard\libg.a(lib_a-mallocr.o)
                0x0800b450                _malloc_r
 .text.__malloc_lock
                0x0800b9b0        0xc d:/gcc-arm-none-eabi-10.3-2021.10/bin/../lib/gcc/arm-none-eabi/10.3.1/../../../../arm-none-eabi/lib/thumb/v7e-m+fp/hard\libg.a(lib_a-mlock.o)
                0x0800b9b0                __malloc_lock
 .text.__malloc_unlock
                0x0800b9bc        0xc d:/gcc-arm-none-eabi-10.3-2021.10/bin/../lib/gcc/arm-none-eabi/10.3.1/../../../../arm-none-eabi/lib/thumb/v7e-m+fp/hard\libg.a(lib_a-mlock.o)
                0x0800b9bc                __malloc_unlock
 .text._Balloc  0x0800b9c8       0x4c d:/gcc-arm-none-eabi-10.3-2021.10/bin/../lib/gcc/arm-none-eabi/10.3.1/../../../../arm-none-eabi/lib/thumb/v7e-m+fp/hard\libg.a(lib_a-mprec.o)
                0x0800b9c8                _Balloc
 .text._Bfree   0x0800ba14       0x14 d:/gcc-arm-none-eabi-10.3-2021.10/bin/../lib/gcc/arm-none-eabi/10.3.1/../../../../arm-none-eabi/lib/thumb/v7e-m+fp/hard\libg.a(lib_a-mprec.o)
                0x0800ba14                _Bfree
 .text.__multadd
                0x0800ba28       0xa8 d:/gcc-arm-none-eabi-10.3-2021.10/bin/../lib/gcc/arm-none-eabi/10.3.1/../../../../arm-none-eabi/lib/thumb/v7e-m+fp/hard\libg.a(lib_a-mprec.o)
                0x0800ba28                __multadd
 .text.__hi0bits
                0x0800bad0       0x40 d:/gcc-arm-none-eabi-10.3-2021.10/bin/../lib/gcc/arm-none-eabi/10.3.1/../../../../arm-none-eabi/lib/thumb/v7e-m+fp/hard\libg.a(lib_a-mprec.o)
                0x0800bad0                __hi0bits
 .text.__lo0bits
                0x0800bb10       0x60 d:/gcc-arm-none-eabi-10.3-2021.10/bin/../lib/gcc/arm-none-eabi/10.3.1/../../../../arm-none-eabi/lib/thumb/v7e-m+fp/hard\libg.a(lib_a-mprec.o)
                0x0800bb10                __lo0bits
 .text.__i2b    0x0800bb70       0x5c d:/gcc-arm-none-eabi-10.3-2021.10/bin/../lib/gcc/arm-none-eabi/10.3.1/../../../../arm-none-eabi/lib/thumb/v7e-m+fp/hard\libg.a(lib_a-mprec.o)
                0x0800bb70                __i2b
 .text.__multiply
                0x0800bbcc      0x15c d:/gcc-arm-none-eabi-10.3-2021.10/bin/../lib/gcc/arm-none-eabi/10.3.1/../../../../arm-none-eabi/lib/thumb/v7e-m+fp/hard\libg.a(lib_a-mprec.o)
                0x0800bbcc                __multiply
 .text.__pow5mult
                0x0800bd28       0xc0 d:/gcc-arm-none-eabi-10.3-2021.10/bin/../lib/gcc/arm-none-eabi/10.3.1/../../../../arm-none-eabi/lib/thumb/v7e-m+fp/hard\libg.a(lib_a-mprec.o)
                0x0800bd28                __pow5mult
 .text.__lshift
                0x0800bde8       0xf0 d:/gcc-arm-none-eabi-10.3-2021.10/bin/../lib/gcc/arm-none-eabi/10.3.1/../../../../arm-none-eabi/lib/thumb/v7e-m+fp/hard\libg.a(lib_a-mprec.o)
                0x0800bde8                __lshift
 .text.__mcmp   0x0800bed8       0x44 d:/gcc-arm-none-eabi-10.3-2021.10/bin/../lib/gcc/arm-none-eabi/10.3.1/../../../../arm-none-eabi/lib/thumb/v7e-m+fp/hard\libg.a(lib_a-mprec.o)
                0x0800bed8                __mcmp
 .text.__mdiff  0x0800bf1c      0x14c d:/gcc-arm-none-eabi-10.3-2021.10/bin/../lib/gcc/arm-none-eabi/10.3.1/../../../../arm-none-eabi/lib/thumb/v7e-m+fp/hard\libg.a(lib_a-mprec.o)
                0x0800bf1c                __mdiff
 .text.__d2b    0x0800c068       0xd0 d:/gcc-arm-none-eabi-10.3-2021.10/bin/../lib/gcc/arm-none-eabi/10.3.1/../../../../arm-none-eabi/lib/thumb/v7e-m+fp/hard\libg.a(lib_a-mprec.o)
                0x0800c068                __d2b
 .text.frexp    0x0800c138       0x6c d:/gcc-arm-none-eabi-10.3-2021.10/bin/../lib/gcc/arm-none-eabi/10.3.1/../../../../arm-none-eabi/lib/thumb/v7e-m+fp/hard\libg.a(lib_a-s_frexp.o)
                0x0800c138                frexp
 .text._sbrk_r  0x0800c1a4       0x24 d:/gcc-arm-none-eabi-10.3-2021.10/bin/../lib/gcc/arm-none-eabi/10.3.1/../../../../arm-none-eabi/lib/thumb/v7e-m+fp/hard\libg.a(lib_a-sbrkr.o)
                0x0800c1a4                _sbrk_r
 .text.strncpy  0x0800c1c8       0x64 d:/gcc-arm-none-eabi-10.3-2021.10/bin/../lib/gcc/arm-none-eabi/10.3.1/../../../../arm-none-eabi/lib/thumb/v7e-m+fp/hard\libg.a(lib_a-strncpy.o)
                0x0800c1c8                strncpy
 .text.__ssprint_r
                0x0800c22c       0xf8 d:/gcc-arm-none-eabi-10.3-2021.10/bin/../lib/gcc/arm-none-eabi/10.3.1/../../../../arm-none-eabi/lib/thumb/v7e-m+fp/hard\libg.a(lib_a-svfiprintf.o)
                0x0800c22c                __ssprint_r
 .text.__assert_func
                0x0800c324       0x40 d:/gcc-arm-none-eabi-10.3-2021.10/bin/../lib/gcc/arm-none-eabi/10.3.1/../../../../arm-none-eabi/lib/thumb/v7e-m+fp/hard\libg.a(lib_a-assert.o)
                0x0800c324                __assert_func
 .text._calloc_r
                0x0800c364       0x78 d:/gcc-arm-none-eabi-10.3-2021.10/bin/../lib/gcc/arm-none-eabi/10.3.1/../../../../arm-none-eabi/lib/thumb/v7e-m+fp/hard\libg.a(lib_a-callocr.o)
                0x0800c364                _calloc_r
 .text.fiprintf
                0x0800c3dc       0x28 d:/gcc-arm-none-eabi-10.3-2021.10/bin/../lib/gcc/arm-none-eabi/10.3.1/../../../../arm-none-eabi/lib/thumb/v7e-m+fp/hard\libg.a(lib_a-fiprintf.o)
                0x0800c3dc                fiprintf
 .text.__locale_mb_cur_max
                0x0800c404        0xc d:/gcc-arm-none-eabi-10.3-2021.10/bin/../lib/gcc/arm-none-eabi/10.3.1/../../../../arm-none-eabi/lib/thumb/v7e-m+fp/hard\libg.a(lib_a-locale.o)
                0x0800c404                __locale_mb_cur_max
 .text.__ascii_mbtowc
                0x0800c410       0x2c d:/gcc-arm-none-eabi-10.3-2021.10/bin/../lib/gcc/arm-none-eabi/10.3.1/../../../../arm-none-eabi/lib/thumb/v7e-m+fp/hard\libg.a(lib_a-mbtowc_r.o)
                0x0800c410                __ascii_mbtowc
 .text.memmove  0x0800c43c       0xf8 d:/gcc-arm-none-eabi-10.3-2021.10/bin/../lib/gcc/arm-none-eabi/10.3.1/../../../../arm-none-eabi/lib/thumb/v7e-m+fp/hard\libg.a(lib_a-memmove.o)
                0x0800c43c                memmove
 .text._realloc_r
                0x0800c534      0x3d8 d:/gcc-arm-none-eabi-10.3-2021.10/bin/../lib/gcc/arm-none-eabi/10.3.1/../../../../arm-none-eabi/lib/thumb/v7e-m+fp/hard\libg.a(lib_a-reallocr.o)
                0x0800c534                _realloc_r
 .text.__sprint_r.part.0
                0x0800c90c       0x78 d:/gcc-arm-none-eabi-10.3-2021.10/bin/../lib/gcc/arm-none-eabi/10.3.1/../../../../arm-none-eabi/lib/thumb/v7e-m+fp/hard\libg.a(lib_a-vfiprintf.o)
 .text._vfiprintf_r
                0x0800c984      0xdfc d:/gcc-arm-none-eabi-10.3-2021.10/bin/../lib/gcc/arm-none-eabi/10.3.1/../../../../arm-none-eabi/lib/thumb/v7e-m+fp/hard\libg.a(lib_a-vfiprintf.o)
                0x0800c984                _vfiprintf_r
 .text.__sbprintf
                0x0800d780       0x80 d:/gcc-arm-none-eabi-10.3-2021.10/bin/../lib/gcc/arm-none-eabi/10.3.1/../../../../arm-none-eabi/lib/thumb/v7e-m+fp/hard\libg.a(lib_a-vfiprintf.o)
 .text.__ascii_wctomb
                0x0800d800       0x1c d:/gcc-arm-none-eabi-10.3-2021.10/bin/../lib/gcc/arm-none-eabi/10.3.1/../../../../arm-none-eabi/lib/thumb/v7e-m+fp/hard\libg.a(lib_a-wctomb_r.o)
                0x0800d800                __ascii_wctomb
 .text.__swsetup_r
                0x0800d81c       0xd4 d:/gcc-arm-none-eabi-10.3-2021.10/bin/../lib/gcc/arm-none-eabi/10.3.1/../../../../arm-none-eabi/lib/thumb/v7e-m+fp/hard\libg.a(lib_a-wsetup.o)
                0x0800d81c                __swsetup_r
 .text.abort    0x0800d8f0       0x10 d:/gcc-arm-none-eabi-10.3-2021.10/bin/../lib/gcc/arm-none-eabi/10.3.1/../../../../arm-none-eabi/lib/thumb/v7e-m+fp/hard\libg.a(lib_a-abort.o)
                0x0800d8f0                abort
 .text.__sflush_r
                0x0800d900      0x130 d:/gcc-arm-none-eabi-10.3-2021.10/bin/../lib/gcc/arm-none-eabi/10.3.1/../../../../arm-none-eabi/lib/thumb/v7e-m+fp/hard\libg.a(lib_a-fflush.o)
                0x0800d900                __sflush_r
 .text._fflush_r
                0x0800da30       0x5c d:/gcc-arm-none-eabi-10.3-2021.10/bin/../lib/gcc/arm-none-eabi/10.3.1/../../../../arm-none-eabi/lib/thumb/v7e-m+fp/hard\libg.a(lib_a-fflush.o)
                0x0800da30                _fflush_r
 .text._cleanup_r
                0x0800da8c        0xc d:/gcc-arm-none-eabi-10.3-2021.10/bin/../lib/gcc/arm-none-eabi/10.3.1/../../../../arm-none-eabi/lib/thumb/v7e-m+fp/hard\libg.a(lib_a-findfp.o)
                0x0800da8c                _cleanup_r
 .text.__sinit  0x0800da98      0x10c d:/gcc-arm-none-eabi-10.3-2021.10/bin/../lib/gcc/arm-none-eabi/10.3.1/../../../../arm-none-eabi/lib/thumb/v7e-m+fp/hard\libg.a(lib_a-findfp.o)
                0x0800da98                __sinit
 .text.__sfp_lock_acquire
                0x0800dba4        0xc d:/gcc-arm-none-eabi-10.3-2021.10/bin/../lib/gcc/arm-none-eabi/10.3.1/../../../../arm-none-eabi/lib/thumb/v7e-m+fp/hard\libg.a(lib_a-findfp.o)
                0x0800dba4                __sfp_lock_acquire
 .text.__sfp_lock_release
                0x0800dbb0        0xc d:/gcc-arm-none-eabi-10.3-2021.10/bin/../lib/gcc/arm-none-eabi/10.3.1/../../../../arm-none-eabi/lib/thumb/v7e-m+fp/hard\libg.a(lib_a-findfp.o)
                0x0800dbb0                __sfp_lock_release
 .text.__fputwc
                0x0800dbbc       0xa8 d:/gcc-arm-none-eabi-10.3-2021.10/bin/../lib/gcc/arm-none-eabi/10.3.1/../../../../arm-none-eabi/lib/thumb/v7e-m+fp/hard\libg.a(lib_a-fputwc.o)
                0x0800dbbc                __fputwc
 .text._fputwc_r
                0x0800dc64       0x68 d:/gcc-arm-none-eabi-10.3-2021.10/bin/../lib/gcc/arm-none-eabi/10.3.1/../../../../arm-none-eabi/lib/thumb/v7e-m+fp/hard\libg.a(lib_a-fputwc.o)
                0x0800dc64                _fputwc_r
 .text.__sfvwrite_r
                0x0800dccc      0x2f0 d:/gcc-arm-none-eabi-10.3-2021.10/bin/../lib/gcc/arm-none-eabi/10.3.1/../../../../arm-none-eabi/lib/thumb/v7e-m+fp/hard\libg.a(lib_a-fvwrite.o)
                0x0800dccc                __sfvwrite_r
 .text._fwalk_reent
                0x0800dfbc       0x48 d:/gcc-arm-none-eabi-10.3-2021.10/bin/../lib/gcc/arm-none-eabi/10.3.1/../../../../arm-none-eabi/lib/thumb/v7e-m+fp/hard\libg.a(lib_a-fwalk.o)
                0x0800dfbc                _fwalk_reent
 .text.__smakebuf_r
                0x0800e004       0xe0 d:/gcc-arm-none-eabi-10.3-2021.10/bin/../lib/gcc/arm-none-eabi/10.3.1/../../../../arm-none-eabi/lib/thumb/v7e-m+fp/hard\libg.a(lib_a-makebuf.o)
                0x0800e004                __smakebuf_r
 .text.raise    0x0800e0e4       0x5c d:/gcc-arm-none-eabi-10.3-2021.10/bin/../lib/gcc/arm-none-eabi/10.3.1/../../../../arm-none-eabi/lib/thumb/v7e-m+fp/hard\libg.a(lib_a-signal.o)
                0x0800e0e4                raise
 .text._kill_r  0x0800e140       0x2c d:/gcc-arm-none-eabi-10.3-2021.10/bin/../lib/gcc/arm-none-eabi/10.3.1/../../../../arm-none-eabi/lib/thumb/v7e-m+fp/hard\libg.a(lib_a-signalr.o)
                0x0800e140                _kill_r
 .text._getpid_r
                0x0800e16c        0x4 d:/gcc-arm-none-eabi-10.3-2021.10/bin/../lib/gcc/arm-none-eabi/10.3.1/../../../../arm-none-eabi/lib/thumb/v7e-m+fp/hard\libg.a(lib_a-signalr.o)
                0x0800e16c                _getpid_r
 .text.__sread  0x0800e170       0x24 d:/gcc-arm-none-eabi-10.3-2021.10/bin/../lib/gcc/arm-none-eabi/10.3.1/../../../../arm-none-eabi/lib/thumb/v7e-m+fp/hard\libg.a(lib_a-stdio.o)
                0x0800e170                __sread
 .text.__swrite
                0x0800e194       0x40 d:/gcc-arm-none-eabi-10.3-2021.10/bin/../lib/gcc/arm-none-eabi/10.3.1/../../../../arm-none-eabi/lib/thumb/v7e-m+fp/hard\libg.a(lib_a-stdio.o)
                0x0800e194                __swrite
 .text.__sseek  0x0800e1d4       0x20 d:/gcc-arm-none-eabi-10.3-2021.10/bin/../lib/gcc/arm-none-eabi/10.3.1/../../../../arm-none-eabi/lib/thumb/v7e-m+fp/hard\libg.a(lib_a-stdio.o)
                0x0800e1d4                __sseek
 .text.__sclose
                0x0800e1f4        0x8 d:/gcc-arm-none-eabi-10.3-2021.10/bin/../lib/gcc/arm-none-eabi/10.3.1/../../../../arm-none-eabi/lib/thumb/v7e-m+fp/hard\libg.a(lib_a-stdio.o)
                0x0800e1f4                __sclose
 .text.__swbuf_r
                0x0800e1fc       0xb0 d:/gcc-arm-none-eabi-10.3-2021.10/bin/../lib/gcc/arm-none-eabi/10.3.1/../../../../arm-none-eabi/lib/thumb/v7e-m+fp/hard\libg.a(lib_a-wbuf.o)
                0x0800e1fc                __swbuf_r
 .text._wcrtomb_r
                0x0800e2ac       0x3c d:/gcc-arm-none-eabi-10.3-2021.10/bin/../lib/gcc/arm-none-eabi/10.3.1/../../../../arm-none-eabi/lib/thumb/v7e-m+fp/hard\libg.a(lib_a-wcrtomb.o)
                0x0800e2ac                _wcrtomb_r
 .text._write_r
                0x0800e2e8       0x2c d:/gcc-arm-none-eabi-10.3-2021.10/bin/../lib/gcc/arm-none-eabi/10.3.1/../../../../arm-none-eabi/lib/thumb/v7e-m+fp/hard\libg.a(lib_a-writer.o)
                0x0800e2e8                _write_r
 .text._close_r
                0x0800e314       0x24 d:/gcc-arm-none-eabi-10.3-2021.10/bin/../lib/gcc/arm-none-eabi/10.3.1/../../../../arm-none-eabi/lib/thumb/v7e-m+fp/hard\libg.a(lib_a-closer.o)
                0x0800e314                _close_r
 .text._fclose_r
                0x0800e338       0xcc d:/gcc-arm-none-eabi-10.3-2021.10/bin/../lib/gcc/arm-none-eabi/10.3.1/../../../../arm-none-eabi/lib/thumb/v7e-m+fp/hard\libg.a(lib_a-fclose.o)
                0x0800e338                _fclose_r
 .text._fstat_r
                0x0800e404       0x2c d:/gcc-arm-none-eabi-10.3-2021.10/bin/../lib/gcc/arm-none-eabi/10.3.1/../../../../arm-none-eabi/lib/thumb/v7e-m+fp/hard\libg.a(lib_a-fstatr.o)
                0x0800e404                _fstat_r
 .text._isatty_r
                0x0800e430       0x24 d:/gcc-arm-none-eabi-10.3-2021.10/bin/../lib/gcc/arm-none-eabi/10.3.1/../../../../arm-none-eabi/lib/thumb/v7e-m+fp/hard\libg.a(lib_a-isattyr.o)
                0x0800e430                _isatty_r
 .text._lseek_r
                0x0800e454       0x2c d:/gcc-arm-none-eabi-10.3-2021.10/bin/../lib/gcc/arm-none-eabi/10.3.1/../../../../arm-none-eabi/lib/thumb/v7e-m+fp/hard\libg.a(lib_a-lseekr.o)
                0x0800e454                _lseek_r
 .text._read_r  0x0800e480       0x2c d:/gcc-arm-none-eabi-10.3-2021.10/bin/../lib/gcc/arm-none-eabi/10.3.1/../../../../arm-none-eabi/lib/thumb/v7e-m+fp/hard\libg.a(lib_a-readr.o)
                0x0800e480                _read_r
 .text.atan2f   0x0800e4ac        0x4 d:/gcc-arm-none-eabi-10.3-2021.10/bin/../lib/gcc/arm-none-eabi/10.3.1/../../../../arm-none-eabi/lib/thumb/v7e-m+fp/hard\libm.a(lib_a-wf_atan2.o)
                0x0800e4ac                atan2f
 .text.sqrtf    0x0800e4b0       0x44 d:/gcc-arm-none-eabi-10.3-2021.10/bin/../lib/gcc/arm-none-eabi/10.3.1/../../../../arm-none-eabi/lib/thumb/v7e-m+fp/hard\libm.a(lib_a-wf_sqrt.o)
                0x0800e4b0                sqrtf
 .text.__ieee754_atan2f
                0x0800e4f4      0x150 d:/gcc-arm-none-eabi-10.3-2021.10/bin/../lib/gcc/arm-none-eabi/10.3.1/../../../../arm-none-eabi/lib/thumb/v7e-m+fp/hard\libm.a(lib_a-ef_atan2.o)
                0x0800e4f4                __ieee754_atan2f
 .text.__ieee754_sqrtf
                0x0800e644        0x8 d:/gcc-arm-none-eabi-10.3-2021.10/bin/../lib/gcc/arm-none-eabi/10.3.1/../../../../arm-none-eabi/lib/thumb/v7e-m+fp/hard\libm.a(lib_a-ef_sqrt.o)
                0x0800e644                __ieee754_sqrtf
 .text.atanf    0x0800e64c      0x1b4 d:/gcc-arm-none-eabi-10.3-2021.10/bin/../lib/gcc/arm-none-eabi/10.3.1/../../../../arm-none-eabi/lib/thumb/v7e-m+fp/hard\libm.a(lib_a-sf_atan.o)
                0x0800e64c                atanf
 .text.fabsf    0x0800e800       0x10 d:/gcc-arm-none-eabi-10.3-2021.10/bin/../lib/gcc/arm-none-eabi/10.3.1/../../../../arm-none-eabi/lib/thumb/v7e-m+fp/hard\libm.a(lib_a-sf_fabs.o)
                0x0800e800                fabsf
 *(.glue_7)
 .glue_7        0x0800e810        0x0 linker stubs
 *(.glue_7t)
 .glue_7t       0x0800e810        0x0 linker stubs
 *(.eh_frame)
 .eh_frame      0x0800e810        0x0 d:/gcc-arm-none-eabi-10.3-2021.10/bin/../lib/gcc/arm-none-eabi/10.3.1/thumb/v7e-m+fp/hard/crtbegin.o
 *(.init)
 .init          0x0800e810        0x4 d:/gcc-arm-none-eabi-10.3-2021.10/bin/../lib/gcc/arm-none-eabi/10.3.1/thumb/v7e-m+fp/hard/crti.o
                0x0800e810                _init
 .init          0x0800e814        0x8 d:/gcc-arm-none-eabi-10.3-2021.10/bin/../lib/gcc/arm-none-eabi/10.3.1/thumb/v7e-m+fp/hard/crtn.o
 *(.fini)
 .fini          0x0800e81c        0x4 d:/gcc-arm-none-eabi-10.3-2021.10/bin/../lib/gcc/arm-none-eabi/10.3.1/thumb/v7e-m+fp/hard/crti.o
                0x0800e81c                _fini
 .fini          0x0800e820        0x8 d:/gcc-arm-none-eabi-10.3-2021.10/bin/../lib/gcc/arm-none-eabi/10.3.1/thumb/v7e-m+fp/hard/crtn.o
                0x0800e828                . = ALIGN (0x4)
                0x0800e828                _etext = .

.vfp11_veneer   0x0800e828        0x0
 .vfp11_veneer  0x0800e828        0x0 linker stubs

.v4_bx          0x0800e828        0x0
 .v4_bx         0x0800e828        0x0 linker stubs

.iplt           0x0800e828        0x0
 .iplt          0x0800e828        0x0 d:/gcc-arm-none-eabi-10.3-2021.10/bin/../lib/gcc/arm-none-eabi/10.3.1/thumb/v7e-m+fp/hard/crtbegin.o

.rodata         0x0800e828      0xe60
                0x0800e828                . = ALIGN (0x4)
 *(.rodata)
 .rodata        0x0800e828      0x138 CMakeFiles/MASTER_RR.elf.dir/Core/Src/freertos.c.obj
 *(.rodata*)
 .rodata.NRF24L01_Check.str1.4
                0x0800e960        0x6 CMakeFiles/MASTER_RR.elf.dir/Core/Src/24l01.c.obj
 *fill*         0x0800e966        0x2 
 .rodata.NRF24L01_RxPacket.str1.4
                0x0800e968        0x4 CMakeFiles/MASTER_RR.elf.dir/Core/Src/24l01.c.obj
 .rodata.Run_Point.str1.4
                0x0800e96c       0x13 CMakeFiles/MASTER_RR.elf.dir/Core/Src/Omni_Classis_task.c.obj
 *fill*         0x0800e97f        0x1 
 .rodata.str1.4
                0x0800e980       0x89 CMakeFiles/MASTER_RR.elf.dir/Core/Src/freertos.c.obj
 *fill*         0x0800ea09        0x3 
 .rodata.StartDebugTask.str1.4
                0x0800ea0c        0xd CMakeFiles/MASTER_RR.elf.dir/Core/Src/freertos.c.obj
 *fill*         0x0800ea19        0x3 
 .rodata.NRFTask.str1.4
                0x0800ea1c        0x7 CMakeFiles/MASTER_RR.elf.dir/Core/Src/freertos.c.obj
 *fill*         0x0800ea23        0x1 
 .rodata.Laser_Loc.str1.4
                0x0800ea24        0x4 CMakeFiles/MASTER_RR.elf.dir/Core/Src/laser.c.obj
 .rodata.AHBPrescTable
                0x0800ea28       0x10 CMakeFiles/MASTER_RR.elf.dir/Core/Src/system_stm32f4xx.c.obj
                0x0800ea28                AHBPrescTable
 .rodata.APBPrescTable
                0x0800ea38        0x8 CMakeFiles/MASTER_RR.elf.dir/Core/Src/system_stm32f4xx.c.obj
                0x0800ea38                APBPrescTable
 .rodata.flagBitshiftOffset.0
                0x0800ea40        0x8 CMakeFiles/MASTER_RR.elf.dir/Drivers/STM32F4xx_HAL_Driver/Src/stm32f4xx_hal_dma.c.obj
 .rodata.vTaskStartScheduler.str1.4
                0x0800ea48        0x5 CMakeFiles/MASTER_RR.elf.dir/Middlewares/Third_Party/FreeRTOS/Source/tasks.c.obj
 *fill*         0x0800ea4d        0x3 
 .rodata.sinTable_f32
                0x0800ea50      0x804 C:\Users\1\Desktop\car\Master-car\Middlewares\ST\ARM\DSP\Lib\libarm_cortexM4lf_math.a(arm_common_tables.o)
                0x0800ea50                sinTable_f32
 .rodata._global_impure_ptr
                0x0800f254        0x4 d:/gcc-arm-none-eabi-10.3-2021.10/bin/../lib/gcc/arm-none-eabi/10.3.1/../../../../arm-none-eabi/lib/thumb/v7e-m+fp/hard\libg.a(lib_a-impure.o)
                0x0800f254                _global_impure_ptr
 .rodata._svfprintf_r.str1.4
                0x0800f258       0x42 d:/gcc-arm-none-eabi-10.3-2021.10/bin/../lib/gcc/arm-none-eabi/10.3.1/../../../../arm-none-eabi/lib/thumb/v7e-m+fp/hard\libg.a(lib_a-svfprintf.o)
 *fill*         0x0800f29a        0x2 
 .rodata.blanks.1
                0x0800f29c       0x10 d:/gcc-arm-none-eabi-10.3-2021.10/bin/../lib/gcc/arm-none-eabi/10.3.1/../../../../arm-none-eabi/lib/thumb/v7e-m+fp/hard\libg.a(lib_a-svfprintf.o)
 .rodata.zeroes.0
                0x0800f2ac       0x10 d:/gcc-arm-none-eabi-10.3-2021.10/bin/../lib/gcc/arm-none-eabi/10.3.1/../../../../arm-none-eabi/lib/thumb/v7e-m+fp/hard\libg.a(lib_a-svfprintf.o)
 .rodata._dtoa_r.str1.4
                0x0800f2bc       0xa2 d:/gcc-arm-none-eabi-10.3-2021.10/bin/../lib/gcc/arm-none-eabi/10.3.1/../../../../arm-none-eabi/lib/thumb/v7e-m+fp/hard\libg.a(lib_a-dtoa.o)
                                 0xa6 (size before relaxing)
 *fill*         0x0800f35e        0x2 
 .rodata.__multadd.str1.4
                0x0800f360       0x7f d:/gcc-arm-none-eabi-10.3-2021.10/bin/../lib/gcc/arm-none-eabi/10.3.1/../../../../arm-none-eabi/lib/thumb/v7e-m+fp/hard\libg.a(lib_a-mprec.o)
                                 0x93 (size before relaxing)
 *fill*         0x0800f3df        0x1 
 .rodata.__mprec_bigtens
                0x0800f3e0       0x28 d:/gcc-arm-none-eabi-10.3-2021.10/bin/../lib/gcc/arm-none-eabi/10.3.1/../../../../arm-none-eabi/lib/thumb/v7e-m+fp/hard\libg.a(lib_a-mprec.o)
                0x0800f3e0                __mprec_bigtens
 .rodata.__mprec_tens
                0x0800f408       0xc8 d:/gcc-arm-none-eabi-10.3-2021.10/bin/../lib/gcc/arm-none-eabi/10.3.1/../../../../arm-none-eabi/lib/thumb/v7e-m+fp/hard\libg.a(lib_a-mprec.o)
                0x0800f408                __mprec_tens
 .rodata.p05.0  0x0800f4d0        0xc d:/gcc-arm-none-eabi-10.3-2021.10/bin/../lib/gcc/arm-none-eabi/10.3.1/../../../../arm-none-eabi/lib/thumb/v7e-m+fp/hard\libg.a(lib_a-mprec.o)
 .rodata.__assert_func.str1.4
                0x0800f4dc       0x3f d:/gcc-arm-none-eabi-10.3-2021.10/bin/../lib/gcc/arm-none-eabi/10.3.1/../../../../arm-none-eabi/lib/thumb/v7e-m+fp/hard\libg.a(lib_a-assert.o)
                                 0x43 (size before relaxing)
 *fill*         0x0800f51b        0x1 
 .rodata._setlocale_r.str1.4
                0x0800f51c        0xa d:/gcc-arm-none-eabi-10.3-2021.10/bin/../lib/gcc/arm-none-eabi/10.3.1/../../../../arm-none-eabi/lib/thumb/v7e-m+fp/hard\libg.a(lib_a-locale.o)
                                  0xd (size before relaxing)
 *fill*         0x0800f526        0x2 
 .rodata.str1.4
                0x0800f528        0x2 d:/gcc-arm-none-eabi-10.3-2021.10/bin/../lib/gcc/arm-none-eabi/10.3.1/../../../../arm-none-eabi/lib/thumb/v7e-m+fp/hard\libg.a(lib_a-locale.o)
 .rodata._vfiprintf_r.str1.4
                0x0800f52a       0x2f d:/gcc-arm-none-eabi-10.3-2021.10/bin/../lib/gcc/arm-none-eabi/10.3.1/../../../../arm-none-eabi/lib/thumb/v7e-m+fp/hard\libg.a(lib_a-vfiprintf.o)
 *fill*         0x0800f52a        0x2 
 .rodata.blanks.1
                0x0800f52c       0x10 d:/gcc-arm-none-eabi-10.3-2021.10/bin/../lib/gcc/arm-none-eabi/10.3.1/../../../../arm-none-eabi/lib/thumb/v7e-m+fp/hard\libg.a(lib_a-vfiprintf.o)
 .rodata.zeroes.0
                0x0800f53c       0x10 d:/gcc-arm-none-eabi-10.3-2021.10/bin/../lib/gcc/arm-none-eabi/10.3.1/../../../../arm-none-eabi/lib/thumb/v7e-m+fp/hard\libg.a(lib_a-vfiprintf.o)
 .rodata._ctype_
                0x0800f54c      0x101 d:/gcc-arm-none-eabi-10.3-2021.10/bin/../lib/gcc/arm-none-eabi/10.3.1/../../../../arm-none-eabi/lib/thumb/v7e-m+fp/hard\libg.a(lib_a-ctype_.o)
                0x0800f54c                _ctype_
 *fill*         0x0800f64d        0x3 
 .rodata.CSWTCH.8
                0x0800f650        0xc d:/gcc-arm-none-eabi-10.3-2021.10/bin/../lib/gcc/arm-none-eabi/10.3.1/../../../../arm-none-eabi/lib/thumb/v7e-m+fp/hard\libm.a(lib_a-ef_atan2.o)
 .rodata.CSWTCH.9
                0x0800f65c        0xc d:/gcc-arm-none-eabi-10.3-2021.10/bin/../lib/gcc/arm-none-eabi/10.3.1/../../../../arm-none-eabi/lib/thumb/v7e-m+fp/hard\libm.a(lib_a-ef_atan2.o)
 .rodata.atanhi
                0x0800f668       0x10 d:/gcc-arm-none-eabi-10.3-2021.10/bin/../lib/gcc/arm-none-eabi/10.3.1/../../../../arm-none-eabi/lib/thumb/v7e-m+fp/hard\libm.a(lib_a-sf_atan.o)
 .rodata.atanlo
                0x0800f678       0x10 d:/gcc-arm-none-eabi-10.3-2021.10/bin/../lib/gcc/arm-none-eabi/10.3.1/../../../../arm-none-eabi/lib/thumb/v7e-m+fp/hard\libm.a(lib_a-sf_atan.o)
                0x0800f688                . = ALIGN (0x4)

.ARM.extab      0x0800f688        0x0
                0x0800f688                . = ALIGN (0x4)
 *(.ARM.extab* .gnu.linkonce.armextab.*)
                0x0800f688                . = ALIGN (0x4)

.ARM            0x0800f688        0x8
                0x0800f688                . = ALIGN (0x4)
                0x0800f688                __exidx_start = .
 *(.ARM.exidx*)
 .ARM.exidx     0x0800f688        0x8 d:/gcc-arm-none-eabi-10.3-2021.10/bin/../lib/gcc/arm-none-eabi/10.3.1/thumb/v7e-m+fp/hard\libgcc.a(_udivmoddi4.o)
                0x0800f690                __exidx_end = .
                0x0800f690                . = ALIGN (0x4)

.rel.dyn        0x0800f690        0x0
 .rel.iplt      0x0800f690        0x0 d:/gcc-arm-none-eabi-10.3-2021.10/bin/../lib/gcc/arm-none-eabi/10.3.1/thumb/v7e-m+fp/hard/crtbegin.o

.preinit_array  0x0800f690        0x0
                0x0800f690                . = ALIGN (0x4)
                0x0800f690                PROVIDE (__preinit_array_start = .)
 *(.preinit_array*)
                0x0800f690                PROVIDE (__preinit_array_end = .)
                0x0800f690                . = ALIGN (0x4)

.init_array     0x0800f690        0x8
                0x0800f690                . = ALIGN (0x4)
                0x0800f690                PROVIDE (__init_array_start = .)
 *(SORT_BY_NAME(.init_array.*))
 .init_array.00000
                0x0800f690        0x4 d:/gcc-arm-none-eabi-10.3-2021.10/bin/../lib/gcc/arm-none-eabi/10.3.1/../../../../arm-none-eabi/lib/thumb/v7e-m+fp/hard\libg.a(lib_a-__call_atexit.o)
 *(.init_array*)
 .init_array    0x0800f694        0x4 d:/gcc-arm-none-eabi-10.3-2021.10/bin/../lib/gcc/arm-none-eabi/10.3.1/thumb/v7e-m+fp/hard/crtbegin.o
                0x0800f698                PROVIDE (__init_array_end = .)
                0x0800f698                . = ALIGN (0x4)

.fini_array     0x0800f698        0x4
                0x0800f698                . = ALIGN (0x4)
                0x0800f698                PROVIDE (__fini_array_start = .)
 *(SORT_BY_NAME(.fini_array.*))
 *(.fini_array*)
 .fini_array    0x0800f698        0x4 d:/gcc-arm-none-eabi-10.3-2021.10/bin/../lib/gcc/arm-none-eabi/10.3.1/thumb/v7e-m+fp/hard/crtbegin.o
                0x0800f69c                PROVIDE (__fini_array_end = .)
                0x0800f69c                . = ALIGN (0x4)
                0x0800f69c                _sidata = LOADADDR (.data)
